Archive member included because of file (symbol)

C:\Program Files (x86)\GNU Tools ARM Embedded\4.8 2014q1\arm-none-eabi\lib\armv7-m\libm.a(lib_a-s_atan.o)
                              ..\obj\bw_mpu6050.o (atan)
C:\Program Files (x86)\GNU Tools ARM Embedded\4.8 2014q1\arm-none-eabi\lib\armv7-m\libm.a(lib_a-s_cos.o)
                              ..\obj\bw_hexapod_cmd.o (cos)
C:\Program Files (x86)\GNU Tools ARM Embedded\4.8 2014q1\arm-none-eabi\lib\armv7-m\libm.a(lib_a-s_fabs.o)
                              C:\Program Files (x86)\GNU Tools ARM Embedded\4.8 2014q1\arm-none-eabi\lib\armv7-m\libm.a(lib_a-s_atan.o) (fabs)
C:\Program Files (x86)\GNU Tools ARM Embedded\4.8 2014q1\arm-none-eabi\lib\armv7-m\libm.a(lib_a-s_fmax.o)
                              ..\obj\bw_tpa_servo.o (fmax)
C:\Program Files (x86)\GNU Tools ARM Embedded\4.8 2014q1\arm-none-eabi\lib\armv7-m\libm.a(lib_a-s_fpclassify.o)
                              C:\Program Files (x86)\GNU Tools ARM Embedded\4.8 2014q1\arm-none-eabi\lib\armv7-m\libm.a(lib_a-s_fmax.o) (__fpclassifyd)
C:\Program Files (x86)\GNU Tools ARM Embedded\4.8 2014q1\arm-none-eabi\lib\armv7-m\libm.a(lib_a-s_sin.o)
                              ..\obj\bw_hexapod_cmd.o (sin)
C:\Program Files (x86)\GNU Tools ARM Embedded\4.8 2014q1\arm-none-eabi\lib\armv7-m\libm.a(lib_a-w_acos.o)
                              ..\obj\bw_hexapod_cmd.o (acos)
C:\Program Files (x86)\GNU Tools ARM Embedded\4.8 2014q1\arm-none-eabi\lib\armv7-m\libm.a(lib_a-w_asin.o)
                              ..\obj\bw_dynamixel_hexapod_cmd.o (asin)
C:\Program Files (x86)\GNU Tools ARM Embedded\4.8 2014q1\arm-none-eabi\lib\armv7-m\libm.a(lib_a-w_atan2.o)
                              ..\obj\bw_mpu6050.o (atan2)
C:\Program Files (x86)\GNU Tools ARM Embedded\4.8 2014q1\arm-none-eabi\lib\armv7-m\libm.a(lib_a-w_pow.o)
                              ..\obj\bw_mpu6050.o (pow)
C:\Program Files (x86)\GNU Tools ARM Embedded\4.8 2014q1\arm-none-eabi\lib\armv7-m\libm.a(lib_a-w_sqrt.o)
                              ..\obj\bw_mpu6050.o (sqrt)
C:\Program Files (x86)\GNU Tools ARM Embedded\4.8 2014q1\arm-none-eabi\lib\armv7-m\libm.a(lib_a-e_acos.o)
                              C:\Program Files (x86)\GNU Tools ARM Embedded\4.8 2014q1\arm-none-eabi\lib\armv7-m\libm.a(lib_a-w_acos.o) (__ieee754_acos)
C:\Program Files (x86)\GNU Tools ARM Embedded\4.8 2014q1\arm-none-eabi\lib\armv7-m\libm.a(lib_a-e_asin.o)
                              C:\Program Files (x86)\GNU Tools ARM Embedded\4.8 2014q1\arm-none-eabi\lib\armv7-m\libm.a(lib_a-w_asin.o) (__ieee754_asin)
C:\Program Files (x86)\GNU Tools ARM Embedded\4.8 2014q1\arm-none-eabi\lib\armv7-m\libm.a(lib_a-e_atan2.o)
                              C:\Program Files (x86)\GNU Tools ARM Embedded\4.8 2014q1\arm-none-eabi\lib\armv7-m\libm.a(lib_a-w_atan2.o) (__ieee754_atan2)
C:\Program Files (x86)\GNU Tools ARM Embedded\4.8 2014q1\arm-none-eabi\lib\armv7-m\libm.a(lib_a-e_pow.o)
                              C:\Program Files (x86)\GNU Tools ARM Embedded\4.8 2014q1\arm-none-eabi\lib\armv7-m\libm.a(lib_a-w_pow.o) (__ieee754_pow)
C:\Program Files (x86)\GNU Tools ARM Embedded\4.8 2014q1\arm-none-eabi\lib\armv7-m\libm.a(lib_a-e_rem_pio2.o)
                              C:\Program Files (x86)\GNU Tools ARM Embedded\4.8 2014q1\arm-none-eabi\lib\armv7-m\libm.a(lib_a-s_cos.o) (__ieee754_rem_pio2)
C:\Program Files (x86)\GNU Tools ARM Embedded\4.8 2014q1\arm-none-eabi\lib\armv7-m\libm.a(lib_a-e_sqrt.o)
                              C:\Program Files (x86)\GNU Tools ARM Embedded\4.8 2014q1\arm-none-eabi\lib\armv7-m\libm.a(lib_a-w_sqrt.o) (__ieee754_sqrt)
C:\Program Files (x86)\GNU Tools ARM Embedded\4.8 2014q1\arm-none-eabi\lib\armv7-m\libm.a(lib_a-k_cos.o)
                              C:\Program Files (x86)\GNU Tools ARM Embedded\4.8 2014q1\arm-none-eabi\lib\armv7-m\libm.a(lib_a-s_cos.o) (__kernel_cos)
C:\Program Files (x86)\GNU Tools ARM Embedded\4.8 2014q1\arm-none-eabi\lib\armv7-m\libm.a(lib_a-k_rem_pio2.o)
                              C:\Program Files (x86)\GNU Tools ARM Embedded\4.8 2014q1\arm-none-eabi\lib\armv7-m\libm.a(lib_a-e_rem_pio2.o) (__kernel_rem_pio2)
C:\Program Files (x86)\GNU Tools ARM Embedded\4.8 2014q1\arm-none-eabi\lib\armv7-m\libm.a(lib_a-k_sin.o)
                              C:\Program Files (x86)\GNU Tools ARM Embedded\4.8 2014q1\arm-none-eabi\lib\armv7-m\libm.a(lib_a-s_cos.o) (__kernel_sin)
C:\Program Files (x86)\GNU Tools ARM Embedded\4.8 2014q1\arm-none-eabi\lib\armv7-m\libm.a(lib_a-s_finite.o)
                              C:\Program Files (x86)\GNU Tools ARM Embedded\4.8 2014q1\arm-none-eabi\lib\armv7-m\libm.a(lib_a-w_pow.o) (finite)
C:\Program Files (x86)\GNU Tools ARM Embedded\4.8 2014q1\arm-none-eabi\lib\armv7-m\libm.a(lib_a-s_floor.o)
                              C:\Program Files (x86)\GNU Tools ARM Embedded\4.8 2014q1\arm-none-eabi\lib\armv7-m\libm.a(lib_a-k_rem_pio2.o) (floor)
[...]
Memory Configuration

Name             Origin             Length             Attributes
rom              0x08000000         0x00100000         xr
ram              0x20000000         0x00020000         xrw
ram1             0x10000000         0x00010000         xrw
*default*        0x00000000         0xffffffff

Linker script and memory map

                0x20020000                _eram = 0x20020000

.text           0x08000000    0x40e24
 *(.isr_vector)
 .isr_vector    0x08000000      0x188 ..\obj\startup_stm32f4xx.o
                0x08000000                g_pfnVectors
 *(.text*)
 .text.Dynamixel_USART2_Init
                0x08000188       0xd0 ..\obj\bw_dynamixel_ax_12a.o
                0x08000188                Dynamixel_USART2_Init
 .text.USART_TimeOut
                0x08000258       0x30 ..\obj\bw_dynamixel_ax_12a.o
                0x08000258                USART_TimeOut
 .text.Dynamx_Send
                0x08000288       0x58 ..\obj\bw_dynamixel_ax_12a.o
                0x08000288                Dynamx_Send
 .text.Dyna_Actuate
                0x080002e0      0x104 ..\obj\bw_dynamixel_ax_12a.o
                0x080002e0                Dyna_Actuate
 .text.DynamixelDrive
                0x080003e4      0x754 ..\obj\bw_dynamixel_ax_12a.o
                0x080003e4                DynamixelDrive
 .text.kirimData
                0x08000b38       0x34 ..\obj\bw_dynamixel_ax_12a.o
                0x08000b38                kirimData
 .text.USART2_IRQHandler
                0x08000b6c       0x80 ..\obj\bw_dynamixel_ax_12a.o
                0x08000b6c                USART2_IRQHandler
 .text.TIM6_DAC_IRQHandler
                0x08000bec      0x200 ..\obj\bw_dynamixel_ax_12a.o
                0x08000bec                TIM6_DAC_IRQHandler
 .text.syncwrite
                0x08000dec      0x1dc ..\obj\bw_dynamixel_ax_12a.o
                0x08000dec                syncwrite
 .text.static_syncwrite
                0x08000fc8       0xa4 ..\obj\bw_dynamixel_ax_12a.o
                0x08000fc8                static_syncwrite
 .text.USART1_IRQHandler
                0x0800106c      0x100 ..\obj\bw_usart_comm.o
                0x0800106c                USART1_IRQHandler
 .text.UART4_Init
                0x0800116c       0xd0 ..\obj\bw_usart_comm.o
                0x0800116c                UART4_Init
 .text.UART4_IRQHandler
                0x0800123c       0xa4 ..\obj\bw_usart_comm.o
                0x0800123c                UART4_IRQHandler
 .text.UART5_Init
                0x080012e0      0x100 ..\obj\bw_usart_comm.o
                0x080012e0                UART5_Init
 .text.UART5_IRQHandler
                0x080013e0      0x218 ..\obj\bw_usart_comm.o
                0x080013e0                UART5_IRQHandler
 .text.USART6_Init
                0x080015f8       0xcc ..\obj\bw_usart_comm.o
                0x080015f8                USART6_Init
 .text.USART6_IRQHandler
                0x080016c4       0x14 ..\obj\bw_usart_comm.o
                0x080016c4                USART6_IRQHandler
 .text.Sendto_PC
                0x080016d8       0x18 ..\obj\bw_usart_comm.o
                0x080016d8                Sendto_PC
 .text.TCS3200_Transmit
                0x080016f0       0x2c ..\obj\bw_usart_comm.o
                0x080016f0                TCS3200_Transmit
 .text.Display_FlameSense
                0x0800171c      0x2b0 ..\obj\bw_usart_comm.o
                0x0800171c                Display_FlameSense
 .text.USART_DeInit
                0x080019cc       0xd0 ..\obj\stm32f4xx_usart.o
                0x080019cc                USART_DeInit
 .text.USART_Init
                0x08001a9c      0x174 ..\obj\stm32f4xx_usart.o
                0x08001a9c                USART_Init
 .text.USART_Cmd
                0x08001c10       0x40 ..\obj\stm32f4xx_usart.o
                0x08001c10                USART_Cmd
 .text.USART_SendData
                0x08001c50       0x24 ..\obj\stm32f4xx_usart.o
                0x08001c50                USART_SendData
 .text.USART_ITConfig
                0x08001c74       0x90 ..\obj\stm32f4xx_usart.o
                0x08001c74                USART_ITConfig
 .text.USART_GetFlagStatus
                0x08001d04       0x38 ..\obj\stm32f4xx_usart.o
                0x08001d04                USART_GetFlagStatus
 .text.USART_ClearFlag
                0x08001d3c       0x20 ..\obj\stm32f4xx_usart.o
                0x08001d3c                USART_ClearFlag
 .text.USART_GetITStatus
                0x08001d5c       0xb0 ..\obj\stm32f4xx_usart.o
                0x08001d5c                USART_GetITStatus
 *fill*         0x08001e0c        0x4 
 .text.generate_movement_data
                0x08001e10      0x338 ..\obj\bw_hexapod_cmd.o
                0x08001e10                generate_movement_data
 .text.inv_kine
                0x08002148      0x330 ..\obj\bw_hexapod_cmd.o
                0x08002148                inv_kine
 .text.servo_lin_func
                0x08002478       0x70 ..\obj\bw_hexapod_cmd.o
                0x08002478                servo_lin_func
 .text.mov_static
                0x080024e8       0xc8 ..\obj\bw_hexapod_cmd.o
                0x080024e8                mov_static
 .text.mov_fwd_5cm
                0x080025b0      0x830 ..\obj\bw_hexapod_cmd.o
                0x080025b0                mov_fwd_5cm
 .text.mov_fwd_3cm
                0x08002de0      0x664 ..\obj\bw_hexapod_cmd.o
                0x08002de0                mov_fwd_3cm
 .text.mov_bwd  0x08003444      0x6b4 ..\obj\bw_hexapod_cmd.o
                0x08003444                mov_bwd
 .text.mov_bwd_3cm
                0x08003af8      0x660 ..\obj\bw_hexapod_cmd.o
                0x08003af8                mov_bwd_3cm
 .text.mov_rot_right
                0x08004158      0x8ec ..\obj\bw_hexapod_cmd.o
                0x08004158                mov_rot_right
 .text.mov_rot_left
                0x08004a44      0x8ec ..\obj\bw_hexapod_cmd.o
                0x08004a44                mov_rot_left
 .text.mov_deflect_right
                0x08005330      0x344 ..\obj\bw_hexapod_cmd.o
                0x08005330                mov_deflect_right
 .text.mov_deflect_left
                0x08005674      0x344 ..\obj\bw_hexapod_cmd.o
                0x08005674                mov_deflect_left
 .text.RotSwitch_Init
                0x080059b8       0xb4 ..\obj\bw_rotary_switch.o
                0x080059b8                RotSwitch_Init
 .text.RotSwitch_Sampling
                0x08005a6c      0x104 ..\obj\bw_rotary_switch.o
                0x08005a6c                RotSwitch_Sampling
 .text.Display_MODE
                0x08005b70      0x16c ..\obj\bw_rotary_switch.o
                0x08005b70                Display_MODE
 .text.Button_Init
                0x08005cdc       0x10 ..\obj\bw_user_interface.o
                0x08005cdc                Button_Init
 .text.StartButton_Init
                0x08005cec       0x40 ..\obj\bw_user_interface.o
                0x08005cec                StartButton_Init
 .text.UserButton_Init
                0x08005d2c       0x70 ..\obj\bw_user_interface.o
                0x08005d2c                UserButton_Init
 .text.Buzzer_Init
                0x08005d9c       0x40 ..\obj\bw_user_interface.o
                0x08005d9c                Buzzer_Init
 .text.BW_Buzz  0x08005ddc       0x14 ..\obj\bw_user_interface.o
                0x08005ddc                BW_Buzz
 .text.BW_Buzz_New
                0x08005df0       0xa0 ..\obj\bw_user_interface.o
                0x08005df0                BW_Buzz_New
 .text.FIRE_LED_Init
                0x08005e90       0x40 ..\obj\bw_user_interface.o
                0x08005e90                FIRE_LED_Init
 .text.SND_ACT_LED_Init
                0x08005ed0       0x3c ..\obj\bw_user_interface.o
                0x08005ed0                SND_ACT_LED_Init
 .text.BW_LED_Interrupt_Init
                0x08005f0c       0x64 ..\obj\bw_user_interface.o
                0x08005f0c                BW_LED_Interrupt_Init
 .text.TIM5_IRQHandler
                0x08005f70       0xf8 ..\obj\bw_user_interface.o
                0x08005f70                TIM5_IRQHandler
 .text.Default_Reset_Handler
                0x08006068       0x6c ..\obj\startup_stm32f4xx.o
                0x08006068                Default_Reset_Handler
                0x08006068                Reset_Handler
 .text.Default_Handler
                0x080060d4        0x8 ..\obj\startup_stm32f4xx.o
                0x080060d4                RTC_Alarm_IRQHandler
                0x080060d4                HASH_RNG_IRQHandler
                0x080060d4                EXTI2_IRQHandler
                0x080060d4                TIM8_CC_IRQHandler
                0x080060d4                DebugMon_Handler
                0x080060d4                TIM1_CC_IRQHandler
                0x080060d4                DMA2_Stream5_IRQHandler
                0x080060d4                HardFault_Handler
                0x080060d4                DMA1_Stream5_IRQHandler
                0x080060d4                PVD_IRQHandler
                0x080060d4                SDIO_IRQHandler
                0x080060d4                TAMP_STAMP_IRQHandler
                0x080060d4                PendSV_Handler
                0x080060d4                NMI_Handler
                0x080060d4                CAN2_RX1_IRQHandler
                0x080060d4                EXTI3_IRQHandler
                0x080060d4                TIM8_TRG_COM_TIM14_IRQHandler
                0x080060d4                TIM1_UP_TIM10_IRQHandler
                0x080060d4                TIM8_UP_TIM13_IRQHandler
                0x080060d4                I2C3_ER_IRQHandler
                0x080060d4                EXTI0_IRQHandler
                0x080060d4                I2C2_EV_IRQHandler
                0x080060d4                DMA1_Stream2_IRQHandler
                0x080060d4                CAN1_RX0_IRQHandler
                0x080060d4                FPU_IRQHandler
                0x080060d4                OTG_HS_WKUP_IRQHandler
                0x080060d4                UsageFault_Handler
                0x080060d4                CAN2_SCE_IRQHandler
                0x080060d4                DMA2_Stream2_IRQHandler
                0x080060d4                SPI1_IRQHandler
                0x080060d4                TIM1_BRK_TIM9_IRQHandler
                0x080060d4                DCMI_IRQHandler
                0x080060d4                CAN2_RX0_IRQHandler
                0x080060d4                DMA2_Stream3_IRQHandler
                0x080060d4                CRYP_IRQHandler
                0x080060d4                CAN1_RX1_IRQHandler
                0x080060d4                DMA2_Stream0_IRQHandler
                0x080060d4                TIM4_IRQHandler
                0x080060d4                I2C1_EV_IRQHandler
                0x080060d4                DMA1_Stream6_IRQHandler
                0x080060d4                DMA1_Stream1_IRQHandler
                0x080060d4                RCC_IRQHandler
                0x080060d4                TIM8_BRK_TIM12_IRQHandler
                0x080060d4                EXTI15_10_IRQHandler
                0x080060d4                ADC_IRQHandler
                0x080060d4                DMA1_Stream7_IRQHandler
                0x080060d4                TIM7_IRQHandler
                0x080060d4                CAN2_TX_IRQHandler
                0x080060d4                DMA2_Stream7_IRQHandler
                0x080060d4                I2C3_EV_IRQHandler
                0x080060d4                EXTI9_5_IRQHandler
                0x080060d4                RTC_WKUP_IRQHandler
                0x080060d4                ETH_WKUP_IRQHandler
                0x080060d4                SPI2_IRQHandler
                0x080060d4                OTG_HS_EP1_IN_IRQHandler
                0x080060d4                MemManage_Handler
                0x080060d4                DMA1_Stream0_IRQHandler
                0x080060d4                CAN1_TX_IRQHandler
                0x080060d4                SVC_Handler
                0x080060d4                EXTI4_IRQHandler
                0x080060d4                FSMC_IRQHandler
                0x080060d4                ETH_IRQHandler
                0x080060d4                OTG_HS_EP1_OUT_IRQHandler
                0x080060d4                WWDG_IRQHandler
                0x080060d4                OTG_FS_WKUP_IRQHandler
                0x080060d4                TIM1_TRG_COM_TIM11_IRQHandler
                0x080060d4                OTG_HS_IRQHandler
                0x080060d4                EXTI1_IRQHandler
                0x080060d4                I2C2_ER_IRQHandler
                0x080060d4                DMA2_Stream1_IRQHandler
                0x080060d4                CAN1_SCE_IRQHandler
                0x080060d4                FLASH_IRQHandler
                0x080060d4                DMA2_Stream4_IRQHandler
                0x080060d4                BusFault_Handler
                0x080060d4                OTG_FS_IRQHandler
                0x080060d4                SPI3_IRQHandler
                0x080060d4                DMA1_Stream4_IRQHandler
                0x080060d4                I2C1_ER_IRQHandler
                0x080060d4                DMA2_Stream6_IRQHandler
                0x080060d4                DMA1_Stream3_IRQHandler
 .text.main     0x080060dc      0x420 ..\obj\main.o
                0x080060dc                main
 .text.BW_Initialization
                0x080064fc      0x214 ..\obj\main.o
                0x080064fc                BW_Initialization
 .text.RCC_GetClocksFreq
                0x08006710      0x154 ..\obj\stm32f4xx_rcc.o
                0x08006710                RCC_GetClocksFreq
 .text.RCC_AHB1PeriphClockCmd
                0x08006864       0x3c ..\obj\stm32f4xx_rcc.o
                0x08006864                RCC_AHB1PeriphClockCmd
 .text.RCC_APB1PeriphClockCmd
                0x080068a0       0x3c ..\obj\stm32f4xx_rcc.o
                0x080068a0                RCC_APB1PeriphClockCmd
 .text.RCC_APB2PeriphClockCmd
                0x080068dc       0x3c ..\obj\stm32f4xx_rcc.o
                0x080068dc                RCC_APB2PeriphClockCmd
 .text.RCC_APB1PeriphResetCmd
                0x08006918       0x3c ..\obj\stm32f4xx_rcc.o
                0x08006918                RCC_APB1PeriphResetCmd
 .text.RCC_APB2PeriphResetCmd
                0x08006954       0x3c ..\obj\stm32f4xx_rcc.o
                0x08006954                RCC_APB2PeriphResetCmd
 .text.USART3_Init
                0x08006990       0xd0 ..\obj\bw_ping_receiver.o
                0x08006990                USART3_Init
 .text.USART3_IRQHandler
                0x08006a60      0x190 ..\obj\bw_ping_receiver.o
                0x08006a60                USART3_IRQHandler
 .text.Display_Ping_Status
                0x08006bf0      0x13c ..\obj\bw_ping_receiver.o
                0x08006bf0                Display_Ping_Status
 .text.Display_Sharp_Status
                0x08006d2c      0x100 ..\obj\bw_ping_receiver.o
                0x08006d2c                Display_Sharp_Status
 .text.Send_Ping_Status
                0x08006e2c       0x5c ..\obj\bw_ping_receiver.o
                0x08006e2c                Send_Ping_Status
 .text.BW_Sound_Activation_Init
                0x08006e88       0x3c ..\obj\bw_sound_activation.o
                0x08006e88                BW_Sound_Activation_Init
 .text.BW_Extinguisher_Init
                0x08006ec4       0x18 ..\obj\bw_extinguisher.o
                0x08006ec4                BW_Extinguisher_Init
 .text.Pump_GPIOInit
                0x08006edc       0x40 ..\obj\bw_extinguisher.o
                0x08006edc                Pump_GPIOInit
 .text.BW_HydroPump
                0x08006f1c       0x28 ..\obj\bw_extinguisher.o
                0x08006f1c                BW_HydroPump
 .text.BW_HydroPump_2
                0x08006f44      0x760 ..\obj\bw_extinguisher.o
                0x08006f44                BW_HydroPump_2
 .text.PushTo_Burst
                0x080076a4       0xd4 ..\obj\bw_extinguisher.o
                0x080076a4                PushTo_Burst
 .text.ADC_Init
                0x08007778       0xa8 ..\obj\stm32f4xx_adc.o
                0x08007778                ADC_Init
 .text.ADC_CommonInit
                0x08007820       0x50 ..\obj\stm32f4xx_adc.o
                0x08007820                ADC_CommonInit
 .text.ADC_Cmd  0x08007870       0x38 ..\obj\stm32f4xx_adc.o
                0x08007870                ADC_Cmd
 .text.ADC_RegularChannelConfig
                0x080078a8      0x188 ..\obj\stm32f4xx_adc.o
                0x080078a8                ADC_RegularChannelConfig
 .text.ADC_SoftwareStartConv
                0x08007a30       0x20 ..\obj\stm32f4xx_adc.o
                0x08007a30                ADC_SoftwareStartConv
 .text.ADC_ContinuousModeCmd
                0x08007a50       0x38 ..\obj\stm32f4xx_adc.o
                0x08007a50                ADC_ContinuousModeCmd
 .text.ADC_GetConversionValue
                0x08007a88       0x1c ..\obj\stm32f4xx_adc.o
                0x08007a88                ADC_GetConversionValue
 .text.Bumper_Init
                0x08007aa4       0x70 ..\obj\bw_bumper.o
                0x08007aa4                Bumper_Init
 .text.GetBumper
                0x08007b14       0x34 ..\obj\bw_bumper.o
                0x08007b14                GetBumper
 .text.Display_Bumper_Stat
                0x08007b48       0xc4 ..\obj\bw_bumper.o
                0x08007b48                Display_Bumper_Stat
 .text.Sensor_Menu
                0x08007c0c      0x118 ..\obj\bw2017_algorithm.o
                0x08007c0c                Sensor_Menu
 .text.BW_Home_Detection_2017_3
                0x08007d24      0xac8 ..\obj\bw2017_algorithm.o
                0x08007d24                BW_Home_Detection_2017_3
 .text.BW_Home_Detection_check
                0x080087ec      0x3cc ..\obj\bw2017_algorithm.o
                0x080087ec                BW_Home_Detection_check
 .text.Evade_Wall
                0x08008bb8        0xc ..\obj\bw2017_algorithm.o
                0x08008bb8                Evade_Wall
 .text.Cat_Avoider
                0x08008bc4      0x1b4 ..\obj\bw2017_algorithm.o
                0x08008bc4                Cat_Avoider
 .text.TIM2_IRQHandler
                0x08008d78       0x24 ..\obj\bw2017_algorithm.o
                0x08008d78                TIM2_IRQHandler
 .text.follow_right_counter
                0x08008d9c       0x4c ..\obj\bw2017_algorithm.o
                0x08008d9c                follow_right_counter
 .text.PID_follow_right_counter
                0x08008de8      0x344 ..\obj\bw2017_algorithm.o
                0x08008de8                PID_follow_right_counter
 .text.follow_left_counter
                0x0800912c       0xd8 ..\obj\bw2017_algorithm.o
                0x0800912c                follow_left_counter
 .text.PID_follow_left_counter
                0x08009204      0x678 ..\obj\bw2017_algorithm.o
                0x08009204                PID_follow_left_counter
 .text.curve_right_counter
                0x0800987c      0xc14 ..\obj\bw2017_algorithm.o
                0x0800987c                curve_right_counter
 .text.curve_left_counter
                0x0800a490      0xc38 ..\obj\bw2017_algorithm.o
                0x0800a490                curve_left_counter
 .text.FlameSense_PID_Init
                0x0800b0c8       0xb4 ..\obj\bw2017_algorithm.o
                0x0800b0c8                FlameSense_PID_Init
 .text.FollowTracer_Right
                0x0800b17c      0x154 ..\obj\bw2017_algorithm.o
                0x0800b17c                FollowTracer_Right
 .text.PID_FollowTracer_Right
                0x0800b2d0      0x6f4 ..\obj\bw2017_algorithm.o
                0x0800b2d0                PID_FollowTracer_Right
 .text.FollowTracer_Left
                0x0800b9c4       0xec ..\obj\bw2017_algorithm.o
                0x0800b9c4                FollowTracer_Left
 .text.PID_FollowTracer_Left
                0x0800bab0      0x698 ..\obj\bw2017_algorithm.o
                0x0800bab0                PID_FollowTracer_Left
 .text.FollowCarpet_Right
                0x0800c148      0x1e0 ..\obj\bw2017_algorithm.o
                0x0800c148                FollowCarpet_Right
 .text.PID_FollowCarpet_Right
                0x0800c328      0x694 ..\obj\bw2017_algorithm.o
                0x0800c328                PID_FollowCarpet_Right
 .text.FollowCarpet_Left
                0x0800c9bc      0x1f8 ..\obj\bw2017_algorithm.o
                0x0800c9bc                FollowCarpet_Left
 .text.PID_FollowCarpet_Left
                0x0800cbb4      0x66c ..\obj\bw2017_algorithm.o
                0x0800cbb4                PID_FollowCarpet_Left
 .text.FollowHome_Right
                0x0800d220       0xcc ..\obj\bw2017_algorithm.o
                0x0800d220                FollowHome_Right
 .text.PID_FollowHome_Right
                0x0800d2ec      0x3bc ..\obj\bw2017_algorithm.o
                0x0800d2ec                PID_FollowHome_Right
 .text.FollowHome_Left
                0x0800d6a8       0xcc ..\obj\bw2017_algorithm.o
                0x0800d6a8                FollowHome_Left
 .text.PID_FollowHome_Left
                0x0800d774      0x38c ..\obj\bw2017_algorithm.o
                0x0800d774                PID_FollowHome_Left
 .text.RoomTypeDetector
                0x0800db00      0x2ec ..\obj\bw2017_algorithm.o
                0x0800db00                RoomTypeDetector
 .text.RoomDetector
                0x0800ddec      0x904 ..\obj\bw2017_algorithm.o
                0x0800ddec                RoomDetector
 .text.BW_FireFight
                0x0800e6f0     0x1868 ..\obj\bw2017_algorithm.o
                0x0800e6f0                BW_FireFight
 .text.UVLock_Refresh
                0x0800ff58       0x20 ..\obj\bw2017_algorithm.o
                0x0800ff58                UVLock_Refresh
 .text.BW_Navi  0x0800ff78      0x5bc ..\obj\bw2017_algorithm.o
                0x0800ff78                BW_Navi
 .text.Nav_HallwaySC_To_3
                0x08010534       0xf0 ..\obj\bw2017_algorithm.o
                0x08010534                Nav_HallwaySC_To_3
 .text.Nav_HallwaySC_To_2
                0x08010624      0x184 ..\obj\bw2017_algorithm.o
                0x08010624                Nav_HallwaySC_To_2
 .text.Nav_HallwaySC_To_4B
                0x080107a8       0xc0 ..\obj\bw2017_algorithm.o
                0x080107a8                Nav_HallwaySC_To_4B
 .text.Nav_HallwaySC_To_4A
                0x08010868      0x140 ..\obj\bw2017_algorithm.o
                0x08010868                Nav_HallwaySC_To_4A
 .text.Nav_HallwaySC_To_1B
                0x080109a8      0x1b8 ..\obj\bw2017_algorithm.o
                0x080109a8                Nav_HallwaySC_To_1B
 .text.Nav_HallwaySC_To_1A
                0x08010b60       0xec ..\obj\bw2017_algorithm.o
                0x08010b60                Nav_HallwaySC_To_1A
 .text.Nav_3_To_HallwaySC
                0x08010c4c       0xd4 ..\obj\bw2017_algorithm.o
                0x08010c4c                Nav_3_To_HallwaySC
 .text.Nav_3_To_2
                0x08010d20       0xc4 ..\obj\bw2017_algorithm.o
                0x08010d20                Nav_3_To_2
 .text.Nav_3_To_1A
                0x08010de4      0x460 ..\obj\bw2017_algorithm.o
                0x08010de4                Nav_3_To_1A
 .text.Nav_3_To_1BC
                0x08011244      0x144 ..\obj\bw2017_algorithm.o
                0x08011244                Nav_3_To_1BC
 .text.Nav_3_To_4A
                0x08011388      0x4c4 ..\obj\bw2017_algorithm.o
                0x08011388                Nav_3_To_4A
 .text.Nav_3_To_4B
                0x0801184c       0xfc ..\obj\bw2017_algorithm.o
                0x0801184c                Nav_3_To_4B
 .text.Nav_2_To_HallwaySC
                0x08011948      0x1c4 ..\obj\bw2017_algorithm.o
                0x08011948                Nav_2_To_HallwaySC
 .text.Nav_2A_To_1BC
                0x08011b0c       0xb4 ..\obj\bw2017_algorithm.o
                0x08011b0c                Nav_2A_To_1BC
 .text.Nav_2B_To_1BC
                0x08011bc0       0xc8 ..\obj\bw2017_algorithm.o
                0x08011bc0                Nav_2B_To_1BC
 .text.Nav_2_To_3
                0x08011c88      0x148 ..\obj\bw2017_algorithm.o
                0x08011c88                Nav_2_To_3
 .text.Nav_2_To_4A
                0x08011dd0      0x8bc ..\obj\bw2017_algorithm.o
                0x08011dd0                Nav_2_To_4A
 .text.Nav_2_To_4A_NEW
                0x0801268c      0x468 ..\obj\bw2017_algorithm.o
                0x0801268c                Nav_2_To_4A_NEW
 .text.Nav_2_To_4A_NEW_VER2
                0x08012af4      0x894 ..\obj\bw2017_algorithm.o
                0x08012af4                Nav_2_To_4A_NEW_VER2
 .text.Nav_2_To_4B
                0x08013388      0x2b4 ..\obj\bw2017_algorithm.o
                0x08013388                Nav_2_To_4B
 .text.Nav_2_To_1A
                0x0801363c       0xb0 ..\obj\bw2017_algorithm.o
                0x0801363c                Nav_2_To_1A
 .text.Nav_1A_To_HallwaySC
                0x080136ec      0x534 ..\obj\bw2017_algorithm.o
                0x080136ec                Nav_1A_To_HallwaySC
 .text.Nav_1A_To_2
                0x08013c20      0x54c ..\obj\bw2017_algorithm.o
                0x08013c20                Nav_1A_To_2
 .text.Nav_1A_To_3
                0x0801416c      0x54c ..\obj\bw2017_algorithm.o
                0x0801416c                Nav_1A_To_3
 .text.Nav_1A_To_4B
                0x080146b8      0x5d0 ..\obj\bw2017_algorithm.o
                0x080146b8                Nav_1A_To_4B
 .text.Nav_1A_To_4A
                0x08014c88      0x560 ..\obj\bw2017_algorithm.o
                0x08014c88                Nav_1A_To_4A
 .text.Nav_1C_To_HallwaySC
                0x080151e8      0x150 ..\obj\bw2017_algorithm.o
                0x080151e8                Nav_1C_To_HallwaySC
 .text.Nav_1C_To_2
                0x08015338       0xe8 ..\obj\bw2017_algorithm.o
                0x08015338                Nav_1C_To_2
 .text.Nav_1B_To_2
                0x08015420       0xcc ..\obj\bw2017_algorithm.o
                0x08015420                Nav_1B_To_2
 .text.Nav_1C_To_3
                0x080154ec      0x250 ..\obj\bw2017_algorithm.o
                0x080154ec                Nav_1C_To_3
 .text.Nav_1C_To_4A
                0x0801573c      0x760 ..\obj\bw2017_algorithm.o
                0x0801573c                Nav_1C_To_4A
 .text.Nav_1C_To_4B
                0x08015e9c      0x2c8 ..\obj\bw2017_algorithm.o
                0x08015e9c                Nav_1C_To_4B
 .text.Nav_4A_To_HallwaySC
                0x08016164      0x22c ..\obj\bw2017_algorithm.o
                0x08016164                Nav_4A_To_HallwaySC
 .text.Nav_4A_To_3
                0x08016390      0x8a4 ..\obj\bw2017_algorithm.o
                0x08016390                Nav_4A_To_3
 .text.Nav_4A_To_1A
                0x08016c34      0x3c8 ..\obj\bw2017_algorithm.o
                0x08016c34                Nav_4A_To_1A
 .text.Nav_4A_To_1A_VER2
                0x08016ffc      0x46c ..\obj\bw2017_algorithm.o
                0x08016ffc                Nav_4A_To_1A_VER2
 .text.Nav_4A_To_2
                0x08017468      0x844 ..\obj\bw2017_algorithm.o
                0x08017468                Nav_4A_To_2
 .text.Nav_4B_To_HallwaySC
                0x08017cac       0xd4 ..\obj\bw2017_algorithm.o
                0x08017cac                Nav_4B_To_HallwaySC
 .text.Nav_4B_To_1A
                0x08017d80      0x504 ..\obj\bw2017_algorithm.o
                0x08017d80                Nav_4B_To_1A
 .text.Nav_4B_To_1BC
                0x08018284      0x194 ..\obj\bw2017_algorithm.o
                0x08018284                Nav_4B_To_1BC
 .text.Nav_4B_To_2
                0x08018418      0x118 ..\obj\bw2017_algorithm.o
                0x08018418                Nav_4B_To_2
 .text.Nav_4B_To_3
                0x08018530      0x118 ..\obj\bw2017_algorithm.o
                0x08018530                Nav_4B_To_3
 .text.TCSlave_Check
                0x08018648       0xf4 ..\obj\bw2017_algorithm.o
                0x08018648                TCSlave_Check
 .text.HomeCircle_Detector
                0x0801873c       0x1c ..\obj\bw2017_algorithm.o
                0x0801873c                HomeCircle_Detector
 .text.Exit_No_Fire
                0x08018758      0xb38 ..\obj\bw2017_algorithm.o
                0x08018758                Exit_No_Fire
 .text.BW_ReturnTrip
                0x08019290      0xa64 ..\obj\bw2017_algorithm.o
                0x08019290                BW_ReturnTrip
 .text.BW_FlameFollowDemo_Dynamixel
                0x08019cf4      0x738 ..\obj\bw2017_algorithm.o
                0x08019cf4                BW_FlameFollowDemo_Dynamixel
 .text.Nav_TurnAround
                0x0801a42c      0x19c ..\obj\bw2017_algorithm.o
                0x0801a42c                Nav_TurnAround
 .text.FlameSenseDigi_PID_Init
                0x0801a5c8       0xb0 ..\obj\bw2017_algorithm.o
                0x0801a5c8                FlameSenseDigi_PID_Init
 .text.FlameSense_PID_Calc_Ver3
                0x0801a678      0x1d8 ..\obj\bw2017_algorithm.o
                0x0801a678                FlameSense_PID_Calc_Ver3
 .text.FlameTracking_Ver3
                0x0801a850       0xf0 ..\obj\bw2017_algorithm.o
                0x0801a850                FlameTracking_Ver3
 .text.FlameTracking_Center
                0x0801a940      0x258 ..\obj\bw2017_algorithm.o
                0x0801a940                FlameTracking_Center
 .text.PID_FlameTracking_Ver3
                0x0801ab98      0x16c ..\obj\bw2017_algorithm.o
                0x0801ab98                PID_FlameTracking_Ver3
 .text.H_2017_Algorithm
                0x0801ad04      0x67c ..\obj\bw2017_algorithm.o
                0x0801ad04                H_2017_Algorithm
 .text.H_2017_Room
                0x0801b380      0xf74 ..\obj\bw2017_algorithm.o
                0x0801b380                H_2017_Room
 .text.H_ROOM_1A
                0x0801c2f4      0x844 ..\obj\bw2017_algorithm.o
                0x0801c2f4                H_ROOM_1A
 .text.H_ROOM_1BC_NEW2
                0x0801cb38      0x284 ..\obj\bw2017_algorithm.o
                0x0801cb38                H_ROOM_1BC_NEW2
 .text.H_ROOM_2_NEW_VER2
                0x0801cdbc      0x860 ..\obj\bw2017_algorithm.o
                0x0801cdbc                H_ROOM_2_NEW_VER2
 .text.H_ROOM_3_VER2
                0x0801d61c      0x4fc ..\obj\bw2017_algorithm.o
                0x0801d61c                H_ROOM_3_VER2
 .text.H_ROOM_4A_VER2
                0x0801db18      0x488 ..\obj\bw2017_algorithm.o
                0x0801db18                H_ROOM_4A_VER2
 .text.H_ROOM_4B_VER2
                0x0801dfa0      0x59c ..\obj\bw2017_algorithm.o
                0x0801dfa0                H_ROOM_4B_VER2
 .text.Bumper_Action
                0x0801e53c      0x470 ..\obj\bw2017_algorithm.o
                0x0801e53c                Bumper_Action
 .text.Bumper_Action_Left
                0x0801e9ac       0x98 ..\obj\bw2017_algorithm.o
                0x0801e9ac                Bumper_Action_Left
 .text.Bumper_Action_Right
                0x0801ea44       0x98 ..\obj\bw2017_algorithm.o
                0x0801ea44                Bumper_Action_Right
 .text.Bumper_Follow
                0x0801eadc      0x7ec ..\obj\bw2017_algorithm.o
                0x0801eadc                Bumper_Follow
 .text.Furniture_Avoider
                0x0801f2c8      0x518 ..\obj\bw2017_algorithm.o
                0x0801f2c8                Furniture_Avoider
 .text.BW_FollowTracer_Right
                0x0801f7e0      0x148 ..\obj\bw2017_algorithm.o
                0x0801f7e0                BW_FollowTracer_Right
 .text.PID_BWFollowTracer_Right
                0x0801f928      0x424 ..\obj\bw2017_algorithm.o
                0x0801f928                PID_BWFollowTracer_Right
 .text.BW_FollowTracer_Left
                0x0801fd4c      0x158 ..\obj\bw2017_algorithm.o
                0x0801fd4c                BW_FollowTracer_Left
 .text.PID_BWFollowTracer_Left
                0x0801fea4      0x420 ..\obj\bw2017_algorithm.o
                0x0801fea4                PID_BWFollowTracer_Left
 .text.BWFollowCarpet_Right
                0x080202c4      0x110 ..\obj\bw2017_algorithm.o
                0x080202c4                BWFollowCarpet_Right
 .text.PID_BWFollowCarpet_Right
                0x080203d4      0x274 ..\obj\bw2017_algorithm.o
                0x080203d4                PID_BWFollowCarpet_Right
 .text.BWFollowCarpet_Left
                0x08020648      0x128 ..\obj\bw2017_algorithm.o
                0x08020648                BWFollowCarpet_Left
 .text.PID_BWFollowCarpet_Left
                0x08020770      0x2a0 ..\obj\bw2017_algorithm.o
                0x08020770                PID_BWFollowCarpet_Left
 .text.BW_FollowCounter_Right
                0x08020a10       0x8c ..\obj\bw2017_algorithm.o
                0x08020a10                BW_FollowCounter_Right
 .text.PID_BW_FollowCounter_Right
                0x08020a9c      0x280 ..\obj\bw2017_algorithm.o
                0x08020a9c                PID_BW_FollowCounter_Right
 .text.BW_FollowCounter_Left
                0x08020d1c       0x8c ..\obj\bw2017_algorithm.o
                0x08020d1c                BW_FollowCounter_Left
 .text.PID_BW_FollowCounter_Left
                0x08020da8      0x29c ..\obj\bw2017_algorithm.o
                0x08020da8                PID_BW_FollowCounter_Left
 .text.IR_Proximity_Init
                0x08021044      0x10c ..\obj\bw_infrared_proximity.o
                0x08021044                IR_Proximity_Init
 .text.Get_IR   0x08021150       0xb8 ..\obj\bw_infrared_proximity.o
                0x08021150                Get_IR
 .text.BW_PID_Init
                0x08021208      0x2cc ..\obj\bw_pid_controller.o
                0x08021208                BW_PID_Init
 .text.BW_PID_Init_FAR
                0x080214d4      0x2c4 ..\obj\bw_pid_controller.o
                0x080214d4                BW_PID_Init_FAR
 .text.BW_PID_Init_Room
                0x08021798      0x2b4 ..\obj\bw_pid_controller.o
                0x08021798                BW_PID_Init_Room
 .text.BW_PID_Init_Furniture
                0x08021a4c      0x2b4 ..\obj\bw_pid_controller.o
                0x08021a4c                BW_PID_Init_Furniture
 .text.BW_PID_Flame_Init
                0x08021d00      0x2a8 ..\obj\bw_pid_controller.o
                0x08021d00                BW_PID_Flame_Init
 .text.PID_Calc_RightRule
                0x08021fa8      0x1d8 ..\obj\bw_pid_controller.o
                0x08021fa8                PID_Calc_RightRule
 .text.PID_Calc_RightRule_Reverse
                0x08022180      0x1d8 ..\obj\bw_pid_controller.o
                0x08022180                PID_Calc_RightRule_Reverse
 .text.PID_Calc_LeftRule
                0x08022358      0x1d8 ..\obj\bw_pid_controller.o
                0x08022358                PID_Calc_LeftRule
 .text.PID_Calc_LeftRule_Reverse
                0x08022530      0x1d8 ..\obj\bw_pid_controller.o
                0x08022530                PID_Calc_LeftRule_Reverse
 .text.PID_Calc_FlameRule
                0x08022708      0x1d8 ..\obj\bw_pid_controller.o
                0x08022708                PID_Calc_FlameRule
 .text.PID_Calculate_Rule_Interrupt_Init
                0x080228e0       0x64 ..\obj\bw_pid_controller.o
                0x080228e0                PID_Calculate_Rule_Interrupt_Init
 .text.TIM3_IRQHandler
                0x08022944       0x90 ..\obj\bw_pid_controller.o
                0x08022944                TIM3_IRQHandler
 .text.BW_Initial_Setup
                0x080229d4       0x9c ..\obj\bw_utilities.o
                0x080229d4                BW_Initial_Setup
 .text.GPIO_Init
                0x08022a70      0x11c ..\obj\stm32f4xx_gpio.o
                0x08022a70                GPIO_Init
 .text.GPIO_ReadInputDataBit
                0x08022b8c       0x34 ..\obj\stm32f4xx_gpio.o
                0x08022b8c                GPIO_ReadInputDataBit
 .text.GPIO_SetBits
                0x08022bc0       0x1c ..\obj\stm32f4xx_gpio.o
                0x08022bc0                GPIO_SetBits
 .text.GPIO_ResetBits
                0x08022bdc       0x1c ..\obj\stm32f4xx_gpio.o
                0x08022bdc                GPIO_ResetBits
 .text.GPIO_PinAFConfig
                0x08022bf8       0x8c ..\obj\stm32f4xx_gpio.o
                0x08022bf8                GPIO_PinAFConfig
 .text.SystemInit
                0x08022c84       0x68 ..\obj\system_stm32f4xx.o
                0x08022c84                SystemInit
 .text.SetSysClock
                0x08022cec       0xf4 ..\obj\system_stm32f4xx.o
 .text._sbrk    0x08022de0       0x40 ..\obj\syscalls.o
                0x08022de0                _sbrk
 .text.Get_UV   0x08022e20       0xf0 ..\obj\bw_UV-TRON.o
                0x08022e20                Get_UV
 .text.NVIC_SetPriority
                0x08022f10       0x54 ..\obj\bw_systick_delay.o
 .text.SysTick_Config
                0x08022f64       0x44 ..\obj\bw_systick_delay.o
 .text.SysTick_Init
                0x08022fa8       0x28 ..\obj\bw_systick_delay.o
                0x08022fa8                SysTick_Init
 .text.SysTick_Handler
                0x08022fd0        0xc ..\obj\bw_systick_delay.o
                0x08022fd0                SysTick_Handler
 .text.TimeTick_Decrement
                0x08022fdc       0x24 ..\obj\bw_systick_delay.o
                0x08022fdc                TimeTick_Decrement
 .text.delay_us
                0x08023000       0x28 ..\obj\bw_systick_delay.o
                0x08023000                delay_us
 .text.delay_1ms
                0x08023028       0x24 ..\obj\bw_systick_delay.o
                0x08023028                delay_1ms
 .text.delay_ms
                0x0802304c       0x20 ..\obj\bw_systick_delay.o
                0x0802304c                delay_ms
 .text.HexJoint_Actuate
                0x0802306c      0x100 ..\obj\bw_dynamixel_hexapod_cmd.o
                0x0802306c                HexJoint_Actuate
 *fill*         0x0802316c        0x4 
 .text.Dynamx_GenerateIK
                0x08023170      0x338 ..\obj\bw_dynamixel_hexapod_cmd.o
                0x08023170                Dynamx_GenerateIK
 .text.Dynamx_IK
                0x080234a8      0x5c0 ..\obj\bw_dynamixel_hexapod_cmd.o
                0x080234a8                Dynamx_IK
 .text.Dynamx_MoveLeg
                0x08023a68      0x208 ..\obj\bw_dynamixel_hexapod_cmd.o
                0x08023a68                Dynamx_MoveLeg
 .text.Dynamx_Mov_Static
                0x08023c70      0x1a0 ..\obj\bw_dynamixel_hexapod_cmd.o
                0x08023c70                Dynamx_Mov_Static
 .text.Dynamx_MovFwd4cm
                0x08023e10     0x20a0 ..\obj\bw_dynamixel_hexapod_cmd.o
                0x08023e10                Dynamx_MovFwd4cm
 .text.Dynamx_MovFwd4cm_slow
                0x08025eb0     0x2008 ..\obj\bw_dynamixel_hexapod_cmd.o
                0x08025eb0                Dynamx_MovFwd4cm_slow
 .text.Dynamx_MovBwd
                0x08027eb8     0x1af8 ..\obj\bw_dynamixel_hexapod_cmd.o
                0x08027eb8                Dynamx_MovBwd
 .text.Dynamx_Rot_Right
                0x080299b0     0x14d0 ..\obj\bw_dynamixel_hexapod_cmd.o
                0x080299b0                Dynamx_Rot_Right
 .text.Dynamx_Rot_Left
                0x0802ae80     0x14ec ..\obj\bw_dynamixel_hexapod_cmd.o
                0x0802ae80                Dynamx_Rot_Left
 .text.Dynamx_Rot_Right_PID
                0x0802c36c     0x15f0 ..\obj\bw_dynamixel_hexapod_cmd.o
                0x0802c36c                Dynamx_Rot_Right_PID
 .text.Dynamx_Rot_Left_PID
                0x0802d95c     0x15e8 ..\obj\bw_dynamixel_hexapod_cmd.o
                0x0802d95c                Dynamx_Rot_Left_PID
 .text.Dynamx_Slide_Left
                0x0802ef44      0xd50 ..\obj\bw_dynamixel_hexapod_cmd.o
                0x0802ef44                Dynamx_Slide_Left
 .text.Dynamx_Slide_Right
                0x0802fc94      0xd50 ..\obj\bw_dynamixel_hexapod_cmd.o
                0x0802fc94                Dynamx_Slide_Right
 .text.Dynamx_CurveRight_PID
                0x080309e4     0x1a78 ..\obj\bw_dynamixel_hexapod_cmd.o
                0x080309e4                Dynamx_CurveRight_PID
 .text.Dynamx_CurveLeft_PID
                0x0803245c     0x1a80 ..\obj\bw_dynamixel_hexapod_cmd.o
                0x0803245c                Dynamx_CurveLeft_PID
 .text.Dynamx_Mov_Extinguish
                0x08033edc      0x484 ..\obj\bw_dynamixel_hexapod_cmd.o
                0x08033edc                Dynamx_Mov_Extinguish
 .text.Dynamx_Mov_Tracking
                0x08034360      0x910 ..\obj\bw_dynamixel_hexapod_cmd.o
                0x08034360                Dynamx_Mov_Tracking
 .text.PanServo_Init
                0x08034c70       0x18 ..\obj\bw_tpa_servo.o
                0x08034c70                PanServo_Init
 .text.TIM12_PWM_Configuration
                0x08034c88       0xb0 ..\obj\bw_tpa_servo.o
                0x08034c88                TIM12_PWM_Configuration
 .text.Read_I2C
                0x08034d38      0x10c ..\obj\bw_tpa_servo.o
                0x08034d38                Read_I2C
 .text.BW_TPA_Check
                0x08034e44      0x2c8 ..\obj\bw_tpa_servo.o
                0x08034e44                BW_TPA_Check
 .text.Get_TPA81
                0x0803510c       0x40 ..\obj\bw_tpa_servo.o
                0x0803510c                Get_TPA81
 .text.BW_TPA81_I2C_Init
                0x0803514c       0xa4 ..\obj\bw_tpa_servo.o
                0x0803514c                BW_TPA81_I2C_Init
 .text.I2C_DeInit
                0x080351f0       0x74 ..\obj\stm32f4xx_i2c.o
                0x080351f0                I2C_DeInit
 .text.I2C_Init
                0x08035264      0x184 ..\obj\stm32f4xx_i2c.o
                0x08035264                I2C_Init
 .text.I2C_Cmd  0x080353e8       0x40 ..\obj\stm32f4xx_i2c.o
                0x080353e8                I2C_Cmd
 .text.I2C_GenerateSTART
                0x08035428       0x40 ..\obj\stm32f4xx_i2c.o
                0x08035428                I2C_GenerateSTART
 .text.I2C_GenerateSTOP
                0x08035468       0x40 ..\obj\stm32f4xx_i2c.o
                0x08035468                I2C_GenerateSTOP
 .text.I2C_Send7bitAddress
                0x080354a8       0x3c ..\obj\stm32f4xx_i2c.o
                0x080354a8                I2C_Send7bitAddress
 .text.I2C_AcknowledgeConfig
                0x080354e4       0x40 ..\obj\stm32f4xx_i2c.o
                0x080354e4                I2C_AcknowledgeConfig
 .text.I2C_SoftwareResetCmd
                0x08035524       0x44 ..\obj\stm32f4xx_i2c.o
                0x08035524                I2C_SoftwareResetCmd
 .text.I2C_SendData
                0x08035568       0x20 ..\obj\stm32f4xx_i2c.o
                0x08035568                I2C_SendData
 .text.I2C_ReceiveData
                0x08035588       0x1c ..\obj\stm32f4xx_i2c.o
                0x08035588                I2C_ReceiveData
 .text.I2C_CheckEvent
                0x080355a4       0x60 ..\obj\stm32f4xx_i2c.o
                0x080355a4                I2C_CheckEvent
 .text.I2C_GetFlagStatus
                0x08035604       0x68 ..\obj\stm32f4xx_i2c.o
                0x08035604                I2C_GetFlagStatus
 .text.RS_off   0x0803566c       0x14 ..\obj\bw_lcd.o
                0x0803566c                RS_off
 .text.RS_on    0x08035680       0x14 ..\obj\bw_lcd.o
                0x08035680                RS_on
 .text.EN_off   0x08035694       0x14 ..\obj\bw_lcd.o
                0x08035694                EN_off
 .text.EN_on    0x080356a8       0x14 ..\obj\bw_lcd.o
                0x080356a8                EN_on
 .text.D4_off   0x080356bc       0x14 ..\obj\bw_lcd.o
                0x080356bc                D4_off
 .text.D4_on    0x080356d0       0x14 ..\obj\bw_lcd.o
                0x080356d0                D4_on
 .text.D5_off   0x080356e4       0x14 ..\obj\bw_lcd.o
                0x080356e4                D5_off
 .text.D5_on    0x080356f8       0x14 ..\obj\bw_lcd.o
                0x080356f8                D5_on
 .text.D6_off   0x0803570c       0x14 ..\obj\bw_lcd.o
                0x0803570c                D6_off
 .text.D6_on    0x08035720       0x14 ..\obj\bw_lcd.o
                0x08035720                D6_on
 .text.D7_off   0x08035734       0x14 ..\obj\bw_lcd.o
                0x08035734                D7_off
 .text.D7_on    0x08035748       0x14 ..\obj\bw_lcd.o
                0x08035748                D7_on
 .text.lcd_write_nible
                0x0803575c       0x68 ..\obj\bw_lcd.o
                0x0803575c                lcd_write_nible
 .text.lcd_write_byte
                0x080357c4       0x30 ..\obj\bw_lcd.o
                0x080357c4                lcd_write_byte
 .text.lcd_write_cmd_nible
                0x080357f4       0x1c ..\obj\bw_lcd.o
                0x080357f4                lcd_write_cmd_nible
 .text.lcd_write_data_byte
                0x08035810       0x1c ..\obj\bw_lcd.o
                0x08035810                lcd_write_data_byte
 .text.lcd_write_cmd_byte
                0x0803582c       0x30 ..\obj\bw_lcd.o
                0x0803582c                lcd_write_cmd_byte
 .text.BW_LCD_Init
                0x0803585c       0x74 ..\obj\bw_lcd.o
                0x0803585c                BW_LCD_Init
 .text.lcd_putch
                0x080358d0       0x18 ..\obj\bw_lcd.o
                0x080358d0                lcd_putch
 .text.lcd_putstr
                0x080358e8       0x28 ..\obj\bw_lcd.o
                0x080358e8                lcd_putstr
 .text.lcd_gotoxy
                0x08035910       0x5c ..\obj\bw_lcd.o
                0x08035910                lcd_gotoxy
 .text.lcd_display_clear
                0x0803596c        0xc ..\obj\bw_lcd.o
                0x0803596c                lcd_display_clear
 .text.lcd_cursor_off_blink_off
                0x08035978       0x18 ..\obj\bw_lcd.o
                0x08035978                lcd_cursor_off_blink_off
 .text.NVIC_Init
                0x08035990       0xbc ..\obj\misc.o
                0x08035990                NVIC_Init
 .text.BW_CMPS11_Init
                0x08035a4c        0xc ..\obj\bw_cmps11.o
                0x08035a4c                BW_CMPS11_Init
 .text.BW_CMPS11_I2C_Init
                0x08035a58       0xa4 ..\obj\bw_cmps11.o
                0x08035a58                BW_CMPS11_I2C_Init
 .text.I2C2_TimeOut
                0x08035afc       0x44 ..\obj\bw_cmps11.o
                0x08035afc                I2C2_TimeOut
 .text.I2C2_ReadByte
                0x08035b40      0x1fc ..\obj\bw_cmps11.o
                0x08035b40                I2C2_ReadByte
 *fill*         0x08035d3c        0x4 
 .text.GetCMPS11_Angle8Bit
                0x08035d40      0x128 ..\obj\bw_cmps11.o
                0x08035d40                GetCMPS11_Angle8Bit
 .text.Get_East_Status
                0x08035e68       0x50 ..\obj\bw_cmps11.o
                0x08035e68                Get_East_Status
 .text.Get_North_Status
                0x08035eb8        0xc ..\obj\bw_cmps11.o
                0x08035eb8                Get_North_Status
 .text.Get_Data_Status
                0x08035ec4      0x280 ..\obj\bw_cmps11.o
                0x08035ec4                Get_Data_Status
 .text.Display_Yaw_Angle
                0x08036144       0xe0 ..\obj\bw_cmps11.o
                0x08036144                Display_Yaw_Angle
 .text.Display_TCS3200_Data
                0x08036224      0x128 ..\obj\bw_tcs3200_receiver.o
                0x08036224                Display_TCS3200_Data
 .text.Display_Tracer_Data
                0x0803634c      0x130 ..\obj\bw_tcs3200_receiver.o
                0x0803634c                Display_Tracer_Data
 .text.Display_TCS3200_Rule
                0x0803647c       0xa0 ..\obj\bw_tcs3200_receiver.o
                0x0803647c                Display_TCS3200_Rule
 .text.TCS3200_Calibration
                0x0803651c      0x2d8 ..\obj\bw_tcs3200_receiver.o
                0x0803651c                TCS3200_Calibration
 .text.TCS3200_Cal_DisplayStat
                0x080367f4      0x17c ..\obj\bw_tcs3200_receiver.o
                0x080367f4                TCS3200_Cal_DisplayStat
 .text.Tracer_Calibration
                0x08036970      0x2e4 ..\obj\bw_tcs3200_receiver.o
                0x08036970                Tracer_Calibration
 .text.Tracer_Cal_DisplayStat
                0x08036c54      0x16c ..\obj\bw_tcs3200_receiver.o
                0x08036c54                Tracer_Cal_DisplayStat
 .text.Hybrid_TCS3200Tracer_MainMenu
                0x08036dc0      0x2c0 ..\obj\bw_tcs3200_receiver.o
                0x08036dc0                Hybrid_TCS3200Tracer_MainMenu
 .text.Display_Threshold
                0x08037080       0xec ..\obj\bw_tcs3200_receiver.o
                0x08037080                Display_Threshold
 .text.Display_New_Tracer
                0x0803716c       0xac ..\obj\bw_tcs3200_receiver.o
                0x0803716c                Display_New_Tracer
 .text.TIM_TimeBaseInit
                0x08037218       0xd4 ..\obj\stm32f4xx_tim.o
                0x08037218                TIM_TimeBaseInit
 .text.TIM_Cmd  0x080372ec       0x40 ..\obj\stm32f4xx_tim.o
                0x080372ec                TIM_Cmd
 .text.TIM_OC2Init
                0x0803732c      0x110 ..\obj\stm32f4xx_tim.o
                0x0803732c                TIM_OC2Init
 .text.TIM_OC2PreloadConfig
                0x0803743c       0x3c ..\obj\stm32f4xx_tim.o
                0x0803743c                TIM_OC2PreloadConfig
 .text.TIM_ITConfig
                0x08037478       0x48 ..\obj\stm32f4xx_tim.o
                0x08037478                TIM_ITConfig
 .text.TIM_ClearFlag
                0x080374c0       0x20 ..\obj\stm32f4xx_tim.o
                0x080374c0                TIM_ClearFlag
 .text.TIM_GetITStatus
                0x080374e0       0x54 ..\obj\stm32f4xx_tim.o
                0x080374e0                TIM_GetITStatus
 .text.TIM_ClearITPendingBit
                0x08037534       0x20 ..\obj\stm32f4xx_tim.o
                0x08037534                TIM_ClearITPendingBit
 .text.FlameSensor_Init
                0x08037554       0x34 ..\obj\bw_flame_sensor.o
                0x08037554                FlameSensor_Init
 .text.ADC1_config
                0x08037588       0x7c ..\obj\bw_flame_sensor.o
                0x08037588                ADC1_config
 .text.GetFlame
                0x08037604       0x24 ..\obj\bw_flame_sensor.o
                0x08037604                GetFlame
 .text.atan     0x08037628      0x350 C:\Program Files (x86)\GNU Tools ARM Embedded\4.8 2014q1\arm-none-eabi\lib\armv7-m\libm.a(lib_a-s_atan.o)
                0x08037628                atan
 .text.cos      0x08037978       0x8c C:\Program Files (x86)\GNU Tools ARM Embedded\4.8 2014q1\arm-none-eabi\lib\armv7-m\libm.a(lib_a-s_cos.o)
                0x08037978                cos
 .text.fabs     0x08037a04        0x8 C:\Program Files (x86)\GNU Tools ARM Embedded\4.8 2014q1\arm-none-eabi\lib\armv7-m\libm.a(lib_a-s_fabs.o)
                0x08037a04                fabs
 .text.fmax     0x08037a0c       0x38 C:\Program Files (x86)\GNU Tools ARM Embedded\4.8 2014q1\arm-none-eabi\lib\armv7-m\libm.a(lib_a-s_fmax.o)
                0x08037a0c                fmax
 .text.__fpclassifyd
                0x08037a44       0x50 C:\Program Files (x86)\GNU Tools ARM Embedded\4.8 2014q1\arm-none-eabi\lib\armv7-m\libm.a(lib_a-s_fpclassify.o)
                0x08037a44                __fpclassifyd
 .text.sin      0x08037a94       0x94 C:\Program Files (x86)\GNU Tools ARM Embedded\4.8 2014q1\arm-none-eabi\lib\armv7-m\libm.a(lib_a-s_sin.o)
                0x08037a94                sin
 .text.acos     0x08037b28       0xa8 C:\Program Files (x86)\GNU Tools ARM Embedded\4.8 2014q1\arm-none-eabi\lib\armv7-m\libm.a(lib_a-w_acos.o)
                0x08037b28                acos
 .text.__ieee754_acos
                0x08037bd0      0x4b8 C:\Program Files (x86)\GNU Tools ARM Embedded\4.8 2014q1\arm-none-eabi\lib\armv7-m\libm.a(lib_a-e_acos.o)
                0x08037bd0                __ieee754_acos
 .text.__ieee754_rem_pio2
                0x08038088      0x440 C:\Program Files (x86)\GNU Tools ARM Embedded\4.8 2014q1\arm-none-eabi\lib\armv7-m\libm.a(lib_a-e_rem_pio2.o)
                0x08038088                __ieee754_rem_pio2
 .text.__ieee754_sqrt
                0x080384c8      0x180 C:\Program Files (x86)\GNU Tools ARM Embedded\4.8 2014q1\arm-none-eabi\lib\armv7-m\libm.a(lib_a-e_sqrt.o)
                0x080384c8                __ieee754_sqrt
 .text.__kernel_cos
                0x08038648      0x248 C:\Program Files (x86)\GNU Tools ARM Embedded\4.8 2014q1\arm-none-eabi\lib\armv7-m\libm.a(lib_a-k_cos.o)
                0x08038648                __kernel_cos
 .text.__kernel_rem_pio2
                0x08038890      0x7bc C:\Program Files (x86)\GNU Tools ARM Embedded\4.8 2014q1\arm-none-eabi\lib\armv7-m\libm.a(lib_a-k_rem_pio2.o)
                0x08038890                __kernel_rem_pio2
 *fill*         0x0803904c        0x4 
 .text.__kernel_sin
                0x08039050      0x170 C:\Program Files (x86)\GNU Tools ARM Embedded\4.8 2014q1\arm-none-eabi\lib\armv7-m\libm.a(lib_a-k_sin.o)
                0x08039050                __kernel_sin
 .text.floor    0x080391c0      0x120 C:\Program Files (x86)\GNU Tools ARM Embedded\4.8 2014q1\arm-none-eabi\lib\armv7-m\libm.a(lib_a-s_floor.o)
                0x080391c0                floor
 .text.matherr  0x080392e0        0x4 C:\Program Files (x86)\GNU Tools ARM Embedded\4.8 2014q1\arm-none-eabi\lib\armv7-m\libm.a(lib_a-s_matherr.o)
                0x080392e0                matherr
 .text.nan      0x080392e4        0xc C:\Program Files (x86)\GNU Tools ARM Embedded\4.8 2014q1\arm-none-eabi\lib\armv7-m\libm.a(lib_a-s_nan.o)
                0x080392e4                nan
 .text.scalbn   0x080392f0      0x100 C:\Program Files (x86)\GNU Tools ARM Embedded\4.8 2014q1\arm-none-eabi\lib\armv7-m\libm.a(lib_a-s_scalbn.o)
                0x080392f0                scalbn
 .text.copysign
                0x080393f0       0x14 C:\Program Files (x86)\GNU Tools ARM Embedded\4.8 2014q1\arm-none-eabi\lib\armv7-m\libm.a(lib_a-s_copysign.o)
                0x080393f0                copysign
 .text          0x08039404      0x370 c:/program files (x86)/gnu tools arm embedded/4.8 2014q1/bin/../lib/gcc/arm-none-eabi/4.8.3/armv7e-m/softfp\libgcc.a(_arm_addsubdf3.o)
                0x08039404                __aeabi_drsub
                0x0803940c                __aeabi_dsub
                0x0803940c                __subdf3
                0x08039410                __aeabi_dadd
                0x08039410                __adddf3
                0x08039688                __floatunsidf
                0x08039688                __aeabi_ui2d
                0x080396a8                __floatsidf
                0x080396a8                __aeabi_i2d
                0x080396cc                __aeabi_f2d
                0x080396cc                __extendsfdf2
                0x08039708                __floatundidf
                0x08039708                __aeabi_ul2d
                0x08039718                __floatdidf
                0x08039718                __aeabi_l2d
 .text          0x08039774      0x424 c:/program files (x86)/gnu tools arm embedded/4.8 2014q1/bin/../lib/gcc/arm-none-eabi/4.8.3/armv7e-m/softfp\libgcc.a(_arm_muldivdf3.o)
                0x08039774                __aeabi_dmul
                0x08039774                __muldf3
                0x080399c8                __divdf3
                0x080399c8                __aeabi_ddiv
 .text          0x08039b98      0x110 c:/program files (x86)/gnu tools arm embedded/4.8 2014q1/bin/../lib/gcc/arm-none-eabi/4.8.3/armv7e-m/softfp\libgcc.a(_arm_cmpdf2.o)
                0x08039b98                __gtdf2
                0x08039b98                __gedf2
                0x08039ba0                __ltdf2
                0x08039ba0                __ledf2
                0x08039ba8                __nedf2
                0x08039ba8                __eqdf2
                0x08039ba8                __cmpdf2
                0x08039c24                __aeabi_cdrcmple
                0x08039c34                __aeabi_cdcmpeq
                0x08039c34                __aeabi_cdcmple
                0x08039c44                __aeabi_dcmpeq
                0x08039c58                __aeabi_dcmplt
                0x08039c6c                __aeabi_dcmple
                0x08039c80                __aeabi_dcmpge
                0x08039c94                __aeabi_dcmpgt
 .text          0x08039ca8       0x50 c:/program files (x86)/gnu tools arm embedded/4.8 2014q1/bin/../lib/gcc/arm-none-eabi/4.8.3/armv7e-m/softfp\libgcc.a(_arm_fixdfsi.o)
                0x08039ca8                __aeabi_d2iz
                0x08039ca8                __fixdfsi
 .text          0x08039cf8       0xa0 c:/program files (x86)/gnu tools arm embedded/4.8 2014q1/bin/../lib/gcc/arm-none-eabi/4.8.3/armv7e-m/softfp\libgcc.a(_arm_truncdfsf2.o)
                0x08039cf8                __truncdfsf2
                0x08039cf8                __aeabi_d2f
 .text.__errno  0x08039d98        0xc C:\Program Files (x86)\GNU Tools ARM Embedded\4.8 2014q1\arm-none-eabi\lib\armv7-m\libc.a(lib_a-errno.o)
                0x08039d98                __errno
 .text          0x08039da4       0xec C:\Program Files (x86)\GNU Tools ARM Embedded\4.8 2014q1\arm-none-eabi\lib\armv7-m\libc.a(lib_a-memcpy.o)
                0x08039da4                memcpy
 .text.sprintf  0x08039e90       0x4c C:\Program Files (x86)\GNU Tools ARM Embedded\4.8 2014q1\arm-none-eabi\lib\armv7-m\libc.a(lib_a-sprintf.o)
                0x08039e90                sprintf
 .text.strlen   0x08039edc       0x60 C:\Program Files (x86)\GNU Tools ARM Embedded\4.8 2014q1\arm-none-eabi\lib\armv7-m\libc.a(lib_a-strlen.o)
                0x08039edc                strlen
 .text._svfprintf_r
                0x08039f3c     0x14e0 C:\Program Files (x86)\GNU Tools ARM Embedded\4.8 2014q1\arm-none-eabi\lib\armv7-m\libc.a(lib_a-svfprintf.o)
                0x08039f3c                _svfprintf_r
 .text.quorem   0x0803b41c      0x134 C:\Program Files (x86)\GNU Tools ARM Embedded\4.8 2014q1\arm-none-eabi\lib\armv7-m\libc.a(lib_a-dtoa.o)
 .text._dtoa_r  0x0803b550      0xe38 C:\Program Files (x86)\GNU Tools ARM Embedded\4.8 2014q1\arm-none-eabi\lib\armv7-m\libc.a(lib_a-dtoa.o)
                0x0803b550                _dtoa_r
 .text._localeconv_r
                0x0803c388        0x8 C:\Program Files (x86)\GNU Tools ARM Embedded\4.8 2014q1\arm-none-eabi\lib\armv7-m\libc.a(lib_a-locale.o)
                0x0803c388                _localeconv_r
 .text._malloc_r
                0x0803c390      0x538 C:\Program Files (x86)\GNU Tools ARM Embedded\4.8 2014q1\arm-none-eabi\lib\armv7-m\libc.a(lib_a-mallocr.o)
                0x0803c390                _malloc_r
 .text.memchr   0x0803c8c8       0x94 C:\Program Files (x86)\GNU Tools ARM Embedded\4.8 2014q1\arm-none-eabi\lib\armv7-m\libc.a(lib_a-memchr-stub.o)
                0x0803c8c8                memchr
 .text.__malloc_lock
                0x0803c95c        0x4 C:\Program Files (x86)\GNU Tools ARM Embedded\4.8 2014q1\arm-none-eabi\lib\armv7-m\libc.a(lib_a-mlock.o)
                0x0803c95c                __malloc_lock
 .text.__malloc_unlock
                0x0803c960        0x4 C:\Program Files (x86)\GNU Tools ARM Embedded\4.8 2014q1\arm-none-eabi\lib\armv7-m\libc.a(lib_a-mlock.o)
                0x0803c960                __malloc_unlock
 .text._Balloc  0x0803c964       0x4c C:\Program Files (x86)\GNU Tools ARM Embedded\4.8 2014q1\arm-none-eabi\lib\armv7-m\libc.a(lib_a-mprec.o)
                0x0803c964                _Balloc
 .text._Bfree   0x0803c9b0       0x14 C:\Program Files (x86)\GNU Tools ARM Embedded\4.8 2014q1\arm-none-eabi\lib\armv7-m\libc.a(lib_a-mprec.o)
                0x0803c9b0                _Bfree
 .text.__multadd
                0x0803c9c4       0x94 C:\Program Files (x86)\GNU Tools ARM Embedded\4.8 2014q1\arm-none-eabi\lib\armv7-m\libc.a(lib_a-mprec.o)
                0x0803c9c4                __multadd
 .text.__hi0bits
                0x0803ca58       0x40 C:\Program Files (x86)\GNU Tools ARM Embedded\4.8 2014q1\arm-none-eabi\lib\armv7-m\libc.a(lib_a-mprec.o)
                0x0803ca58                __hi0bits
 .text.__lo0bits
                0x0803ca98       0x5c C:\Program Files (x86)\GNU Tools ARM Embedded\4.8 2014q1\arm-none-eabi\lib\armv7-m\libc.a(lib_a-mprec.o)
                0x0803ca98                __lo0bits
 .text.__i2b    0x0803caf4       0x14 C:\Program Files (x86)\GNU Tools ARM Embedded\4.8 2014q1\arm-none-eabi\lib\armv7-m\libc.a(lib_a-mprec.o)
                0x0803caf4                __i2b
 .text.__multiply
                0x0803cb08      0x13c C:\Program Files (x86)\GNU Tools ARM Embedded\4.8 2014q1\arm-none-eabi\lib\armv7-m\libc.a(lib_a-mprec.o)
                0x0803cb08                __multiply
 .text.__pow5mult
                0x0803cc44       0x9c C:\Program Files (x86)\GNU Tools ARM Embedded\4.8 2014q1\arm-none-eabi\lib\armv7-m\libc.a(lib_a-mprec.o)
                0x0803cc44                __pow5mult
 .text.__lshift
                0x0803cce0       0xbc C:\Program Files (x86)\GNU Tools ARM Embedded\4.8 2014q1\arm-none-eabi\lib\armv7-m\libc.a(lib_a-mprec.o)
                0x0803cce0                __lshift
 .text.__mcmp   0x0803cd9c       0x48 C:\Program Files (x86)\GNU Tools ARM Embedded\4.8 2014q1\arm-none-eabi\lib\armv7-m\libc.a(lib_a-mprec.o)
                0x0803cd9c                __mcmp
 .text.__mdiff  0x0803cde4       0xd8 C:\Program Files (x86)\GNU Tools ARM Embedded\4.8 2014q1\arm-none-eabi\lib\armv7-m\libc.a(lib_a-mprec.o)
                0x0803cde4                __mdiff
 .text.__d2b    0x0803cebc       0xbc C:\Program Files (x86)\GNU Tools ARM Embedded\4.8 2014q1\arm-none-eabi\lib\armv7-m\libc.a(lib_a-mprec.o)
                0x0803cebc                __d2b
 .text._sbrk_r  0x0803cf78       0x24 C:\Program Files (x86)\GNU Tools ARM Embedded\4.8 2014q1\arm-none-eabi\lib\armv7-m\libc.a(lib_a-sbrkr.o)
                0x0803cf78                _sbrk_r
 .text.__ssprint_r
                0x0803cf9c      0x100 C:\Program Files (x86)\GNU Tools ARM Embedded\4.8 2014q1\arm-none-eabi\lib\armv7-m\libc.a(lib_a-svfiprintf.o)
                0x0803cf9c                __ssprint_r
 .text._calloc_r
                0x0803d09c       0x60 C:\Program Files (x86)\GNU Tools ARM Embedded\4.8 2014q1\arm-none-eabi\lib\armv7-m\libc.a(lib_a-callocr.o)
                0x0803d09c                _calloc_r
 .text._malloc_trim_r
                0x0803d0fc       0x9c C:\Program Files (x86)\GNU Tools ARM Embedded\4.8 2014q1\arm-none-eabi\lib\armv7-m\libc.a(lib_a-freer.o)
                0x0803d0fc                _malloc_trim_r
 .text._free_r  0x0803d198      0x198 C:\Program Files (x86)\GNU Tools ARM Embedded\4.8 2014q1\arm-none-eabi\lib\armv7-m\libc.a(lib_a-freer.o)
                0x0803d198                _free_r
 .text.memmove  0x0803d330       0xcc C:\Program Files (x86)\GNU Tools ARM Embedded\4.8 2014q1\arm-none-eabi\lib\armv7-m\libc.a(lib_a-memmove.o)
                0x0803d330                memmove
 .text.memset   0x0803d3fc       0x94 C:\Program Files (x86)\GNU Tools ARM Embedded\4.8 2014q1\arm-none-eabi\lib\armv7-m\libc.a(lib_a-memset.o)
                0x0803d3fc                memset
 .text._realloc_r
                0x0803d490      0x3c0 C:\Program Files (x86)\GNU Tools ARM Embedded\4.8 2014q1\arm-none-eabi\lib\armv7-m\libc.a(lib_a-reallocr.o)
                0x0803d490                _realloc_r
 .text          0x0803d850       0x2c c:/program files (x86)/gnu tools arm embedded/4.8 2014q1/bin/../lib/gcc/arm-none-eabi/4.8.3/armv7e-m/softfp\libgcc.a(_aeabi_uldivmod.o)
                0x0803d850                __aeabi_uldivmod
 .text          0x0803d87c       0x60 c:/program files (x86)/gnu tools arm embedded/4.8 2014q1/bin/../lib/gcc/arm-none-eabi/4.8.3/armv7e-m/softfp\libgcc.a(bpabi.o)
                0x0803d87c                __gnu_ldivmod_helper
                0x0803d8ac                __gnu_uldivmod_helper
 .text          0x0803d8dc        0x4 c:/program files (x86)/gnu tools arm embedded/4.8 2014q1/bin/../lib/gcc/arm-none-eabi/4.8.3/armv7e-m/softfp\libgcc.a(_dvmd_tls.o)
                0x0803d8dc                __aeabi_idiv0
                0x0803d8dc                __aeabi_ldiv0
 .text          0x0803d8e0      0x298 c:/program files (x86)/gnu tools arm embedded/4.8 2014q1/bin/../lib/gcc/arm-none-eabi/4.8.3/armv7e-m/softfp\libgcc.a(_divdi3.o)
                0x0803d8e0                __divdi3
 .text          0x0803db78      0x284 c:/program files (x86)/gnu tools arm embedded/4.8 2014q1/bin/../lib/gcc/arm-none-eabi/4.8.3/armv7e-m/softfp\libgcc.a(_udivdi3.o)
                0x0803db78                __udivdi3
 *(.init)
 *(.fini)
 *crtbegin.o(.ctors)
 *crtbegin?.o(.ctors)
 *(EXCLUDE_FILE(*crtend.o *crtend?.o) .ctors)
 *(SORT(.ctors.*))
 *(.ctors)
 *crtbegin.o(.dtors)
 *crtbegin?.o(.dtors)
 *(EXCLUDE_FILE(*crtend.o *crtend?.o) .dtors)
 *(SORT(.dtors.*))
 *(.dtors)
 *(.rodata*)
 .rodata        0x0803ddfc      0x11c ..\obj\bw_global_var.o
                0x0803ddfc                A_const
                0x0803de44                B_const
                0x0803de8c                leg_1
                0x0803dea4                leg_norm
                0x0803debc                alpha
                0x0803ded4                Gyro_Sensitivity_1000s
                0x0803ded8                Gyro_Sensitivity_2000s
                0x0803dedc                TCS_CALIBRATE_WHITE
                0x0803dee0                TCS_CALIBRATE_BLACK
                0x0803dee4                TCS_CALIBRATE_GRAY
                0x0803dee8                TCS_CALIBRATE_GETRULE
                0x0803deec                TCS_FRONT_SHOW_THRESHOLD
                0x0803def0                TCS_MIDDLE_SHOW_THRESHOLD
                0x0803def4                IMU_CMD_SEND_RAW
                0x0803def8                SOUNDCHECK
                0x0803defc                FOLLOW_TRACER_WHITE
                0x0803df00                FOLLOW_CARPET_ACTIVE
                0x0803df04                FOLLOW_COLOUR_DISABLE
                0x0803df08                TRACER_CALIBRATE_GRAY
                0x0803df0c                TRACER_CALIBRATE_WHITE
                0x0803df10                TRACER_CALIBRATE_BLACK
                0x0803df14                TRACER_CALIBRATE_GETRULE
 .rodata        0x0803df18       0x84 ..\obj\bw_usart_comm.o
 .rodata        0x0803df9c      0x4c4 ..\obj\bw_hexapod_cmd.o
                0x0803df9c                STATIC_LOW_CLEARANCE
                0x0803dfa0                STATIC_MED_CLEARANCE
                0x0803dfa4                STATIC_HIGH_CLEARANCE
                0x0803dfa8                SEARCH_FIRE
                0x0803dfac                FORWARD
                0x0803dfb0                BACKWARD
                0x0803dfb4                ROTATE_RIGHT
                0x0803dfb8                ROTATE_LEFT
                0x0803dfbc                CURVE_RIGHT
                0x0803dfc0                CURVE_LEFT
                0x0803dfc4                ASKEW_RIGHT
                0x0803dfc8                ASKEW_LEFT
                0x0803dfcc                FWD_RIPPLE
                0x0803dfd0                FWD_WAVE
 .rodata        0x0803e460       0xe8 ..\obj\bw_rotary_switch.o
 .rodata        0x0803e548      0x174 ..\obj\main.o
 .rodata        0x0803e6bc      0x148 ..\obj\bw_ping_receiver.o
 .rodata        0x0803e804       0xe4 ..\obj\bw_extinguisher.o
 .rodata        0x0803e8e8       0x34 ..\obj\bw_bumper.o
 .rodata        0x0803e91c     0x1174 ..\obj\bw2017_algorithm.o
 .rodata        0x0803fa90       0x3c ..\obj\bw_utilities.o
 .rodata        0x0803facc       0x34 ..\obj\bw_UV-TRON.o
 .rodata        0x0803fb00      0x800 ..\obj\bw_dynamixel_hexapod_cmd.o
                0x0803fb00                FRONT_LEFT_DX_COXA
                0x0803fb04                FRONT_LEFT_DX_FEMUR
                0x0803fb08                FRONT_LEFT_DX_TIBIA
                0x0803fb0c                MIDDLE_LEFT_DX_COXA
                0x0803fb10                MIDDLE_LEFT_DX_FEMUR
                0x0803fb14                MIDDLE_LEFT_DX_TIBIA
                0x0803fb18                REAR_LEFT_DX_COXA
                0x0803fb1c                REAR_LEFT_DX_FEMUR
                0x0803fb20                REAR_LEFT_DX_TIBIA
                0x0803fb24                FRONT_RIGHT_DX_COXA
                0x0803fb28                FRONT_RIGHT_DX_FEMUR
                0x0803fb2c                FRONT_RIGHT_DX_TIBIA
                0x0803fb30                MIDDLE_RIGHT_DX_COXA
                0x0803fb34                MIDDLE_RIGHT_DX_FEMUR
                0x0803fb38                MIDDLE_RIGHT_DX_TIBIA
                0x0803fb3c                REAR_RIGHT_DX_COXA
                0x0803fb40                REAR_RIGHT_DX_FEMUR
                0x0803fb44                REAR_RIGHT_DX_TIBIA
 .rodata        0x08040300       0x50 ..\obj\bw_tpa_servo.o
                0x08040300                SERVO_MIN
                0x08040304                SERVO_CENTER
                0x08040308                SERVO_MAX
 .rodata        0x08040350      0x3bc ..\obj\bw_cmps11.o
 .rodata        0x0804070c      0x374 ..\obj\bw_tcs3200_receiver.o
 .rodata.atanlo
                0x08040a80       0x20 C:\Program Files (x86)\GNU Tools ARM Embedded\4.8 2014q1\arm-none-eabi\lib\armv7-m\libm.a(lib_a-s_atan.o)
 .rodata.atanhi
                0x08040aa0       0x20 C:\Program Files (x86)\GNU Tools ARM Embedded\4.8 2014q1\arm-none-eabi\lib\armv7-m\libm.a(lib_a-s_atan.o)
 .rodata.str1.4
                0x08040ac0        0x5 C:\Program Files (x86)\GNU Tools ARM Embedded\4.8 2014q1\arm-none-eabi\lib\armv7-m\libm.a(lib_a-w_acos.o)
                                  0xc (size before relaxing)
 *fill*         0x08040ac5        0x3 
 .rodata.npio2_hw
                0x08040ac8       0x80 C:\Program Files (x86)\GNU Tools ARM Embedded\4.8 2014q1\arm-none-eabi\lib\armv7-m\libm.a(lib_a-e_rem_pio2.o)
 .rodata.two_over_pi
                0x08040b48      0x108 C:\Program Files (x86)\GNU Tools ARM Embedded\4.8 2014q1\arm-none-eabi\lib\armv7-m\libm.a(lib_a-e_rem_pio2.o)
 .rodata.init_jk
                0x08040c50       0x10 C:\Program Files (x86)\GNU Tools ARM Embedded\4.8 2014q1\arm-none-eabi\lib\armv7-m\libm.a(lib_a-k_rem_pio2.o)
 .rodata.PIo2   0x08040c60       0x40 C:\Program Files (x86)\GNU Tools ARM Embedded\4.8 2014q1\arm-none-eabi\lib\armv7-m\libm.a(lib_a-k_rem_pio2.o)
 .rodata.str1.4
                0x08040ca0        0x2 C:\Program Files (x86)\GNU Tools ARM Embedded\4.8 2014q1\arm-none-eabi\lib\armv7-m\libc.a(lib_a-impure.o)
                                  0x4 (size before relaxing)
 *fill*         0x08040ca2        0x2 
 .rodata.zeroes.6760
                0x08040ca4       0x10 C:\Program Files (x86)\GNU Tools ARM Embedded\4.8 2014q1\arm-none-eabi\lib\armv7-m\libc.a(lib_a-svfprintf.o)
 .rodata.str1.4
                0x08040cb4       0x42 C:\Program Files (x86)\GNU Tools ARM Embedded\4.8 2014q1\arm-none-eabi\lib\armv7-m\libc.a(lib_a-svfprintf.o)
                                 0x44 (size before relaxing)
 *fill*         0x08040cf6        0x2 
 .rodata.blanks.6759
                0x08040cf8       0x10 C:\Program Files (x86)\GNU Tools ARM Embedded\4.8 2014q1\arm-none-eabi\lib\armv7-m\libc.a(lib_a-svfprintf.o)
 .rodata.str1.4
                0x08040d08       0x10 C:\Program Files (x86)\GNU Tools ARM Embedded\4.8 2014q1\arm-none-eabi\lib\armv7-m\libc.a(lib_a-dtoa.o)
                                 0x14 (size before relaxing)
 .rodata.str1.4
                0x08040d18        0xc C:\Program Files (x86)\GNU Tools ARM Embedded\4.8 2014q1\arm-none-eabi\lib\armv7-m\libc.a(lib_a-locale.o)
                                 0x14 (size before relaxing)
 *fill*         0x08040d24        0x4 
 .rodata.__mprec_tens
                0x08040d28       0xc8 C:\Program Files (x86)\GNU Tools ARM Embedded\4.8 2014q1\arm-none-eabi\lib\armv7-m\libc.a(lib_a-mprec.o)
                0x08040d28                __mprec_tens
 .rodata.__mprec_bigtens
                0x08040df0       0x28 C:\Program Files (x86)\GNU Tools ARM Embedded\4.8 2014q1\arm-none-eabi\lib\armv7-m\libc.a(lib_a-mprec.o)
                0x08040df0                __mprec_bigtens
 .rodata.p05.5266
                0x08040e18        0xc C:\Program Files (x86)\GNU Tools ARM Embedded\4.8 2014q1\arm-none-eabi\lib\armv7-m\libc.a(lib_a-mprec.o)
 *(.eh_fram e*)

.glue_7         0x08040e24        0x0
 .glue_7        0x00000000        0x0 linker stubs

.glue_7t        0x08040e24        0x0
 .glue_7t       0x00000000        0x0 linker stubs

.vfp11_veneer   0x08040e24        0x0
 .vfp11_veneer  0x00000000        0x0 linker stubs

.v4_bx          0x08040e24        0x0
 .v4_bx         0x00000000        0x0 linker stubs

.iplt           0x08040e24        0x0
 .iplt          0x00000000        0x0 ..\obj\bw_articulated_manipulator.o

.ARM.extab
 *(.ARM.extab* .gnu.linkonce.armextab.*)
                0x08040e24                __exidx_start = .

.ARM.exidx      0x08040e24        0x8
 *(.ARM.exidx* .gnu.linkonce.armexidx.*)
 .ARM.exidx     0x08040e24        0x8 c:/program files (x86)/gnu tools arm embedded/4.8 2014q1/bin/../lib/gcc/arm-none-eabi/4.8.3/armv7e-m/softfp\libgcc.a(_divdi3.o)
 .ARM.exidx     0x08040e2c        0x0 c:/program files (x86)/gnu tools arm embedded/4.8 2014q1/bin/../lib/gcc/arm-none-eabi/4.8.3/armv7e-m/softfp\libgcc.a(_udivdi3.o)
                                  0x8 (size before relaxing)
                0x08040e2c                __exidx_end = .
                0x08040e2c                __etext = .
                0x08040e2c                _sidata = __etext

.rel.dyn        0x08040e2c        0x0
 .rel.iplt      0x00000000        0x0 ..\obj\bw_articulated_manipulator.o

.data           0x20000000     0x101c load address 0x08040e2c
                0x20000000                __data_start__ = .
                0x20000000                _sdata = __data_start__
 *(vtable)
 *(.data*)
 .data          0x20000000      0x758 ..\obj\bw_global_var.o
                0x20000000                START_BUTTON_CMD
                0x20000004                RCV_IDLE
                0x20000008                RCV_START
                0x2000000c                RCV_BUTTON_A
                0x20000010                RCV_BUTTON_B
                0x20000014                COLOUR_GRAY
                0x20000018                COLOUR_WHITE
                0x2000001c                COLOUR_RED
                0x20000020                COLOUR_BLUE
                0x20000024                FRONT_TCS3200
                0x20000028                MID_TCS3200
                0x2000002c                CANDLE_CIRCLE_DETECTED
                0x20000030                ZONE_BLACK
                0x20000034                ZONE_RED
                0x20000038                ZONE_BLUE
                0x2000003c                TRACER
                0x20000040                BW_LOCATION
                0x20000048                LOCATION_ROOM
                0x2000004c                FOLLOW_KIRI
                0x20000050                FOLLOW_KANAN
                0x20000054                SHIFT_FOLLOW
                0x20000058                CAT_DETECTED
                0x2000005c                CAT_ACTIVATED
                0x20000060                UV_R2FLAG_ACTIVE
                0x20000064                led_counter
                0x20000066                sensor_UV_front
                0x20000067                sensor_UV_back
                0x20000068                COMMAND_FLAG_A
                0x2000006c                COMMAND_FLAG_B
                0x20000070                COMMAND_COMPLETED
                0x20000074                COMMAND_NOT_RECEIVED
                0x20000078                RAW_VAL_FLAG
                0x2000007c                SUDUT_STATIC
                0x200000c4                SUDUT_STATIC_BWD
                0x2000010c                SUDUT_ANGKAT
                0x20000110                IKFWD_COXA_R
                0x2000011c                IKFWD_TIBIA_R
                0x20000128                IKFWD_COXA_L
                0x20000134                IKFWD_TIBIA_L
                0x20000140                IKFWD_COXA_R1
                0x2000014c                IKFWD_TIBIA_R1
                0x20000158                IKFWD_COXA_L1
                0x20000164                IKFWD_TIBIA_L1
                0x20000170                IKFWD_COXA_R2
                0x2000017c                IKFWD_TIBIA_R2
                0x20000188                IKFWD_COXA_L2
                0x20000194                IKFWD_TIBIA_L2
                0x200001a0                IKFWD_COXA_R3
                0x200001ac                IKFWD_TIBIA_R3
                0x200001b8                IKFWD_COXA_L3
                0x200001c4                IKFWD_TIBIA_L3
                0x200001d0                IKCRVR_COXA_R2
                0x200001dc                IKCRVR_TIBIA_R2
                0x200001e8                IKCRVR_COXA_L2
                0x200001f4                IKCRVR_TIBIA_L2
                0x20000200                IKRPID_COXA_R2
                0x2000020c                IKRPID_TIBIA_R2
                0x20000218                IKCRVR_COXA_R
                0x20000224                IKCRVR_TIBIA_R
                0x20000230                IKCRVR_COXA_L
                0x2000023c                IKCRVR_TIBIA_L
                0x20000248                IKRPID_COXA_R
                0x20000254                IKRPID_TIBIA_R
                0x20000260                IKSLR_COXA
                0x2000026c                IKSLR_TIBIA
                0x2000027c                IKSLR_COXA1
                0x20000288                IKSLR_TIBIA1
                0x20000298                IKSLR_COXA2
                0x200002a4                IKSLR_TIBIA2
                0x200002b4                IKCRVL_COXA_R
                0x200002c0                IKCRVL_TIBIA_R
                0x200002cc                IKCRVL_COXA_L
                0x200002d8                IKCRVL_TIBIA_L
                0x200002e4                IKLPID_COXA_L
                0x200002f0                IKLPID_TIBIA_L
                0x200002fc                IKCRVL_COXA_R2
                0x20000308                IKCRVL_TIBIA_R2
                0x20000314                IKCRVL_COXA_L2
                0x20000320                IKCRVL_TIBIA_L2
                0x2000032c                IKLPID_COXA_L2
                0x20000338                IKLPID_TIBIA_L2
                0x20000344                IKSLL_COXA
                0x20000350                IKSLL_TIBIA
                0x20000360                IKSLL_COXA1
                0x2000036c                IKSLL_TIBIA1
                0x2000037c                IKSLL_COXA2
                0x20000388                IKSLL_TIBIA2
                0x20000398                IKBWD_COXA_R
                0x200003a4                IKBWD_TIBIA_R
                0x200003b0                IKBWD_COXA_L
                0x200003bc                IKBWD_TIBIA_L
                0x200003c8                IKCRVRR_COXA_L
                0x200003d4                IKCRVRR_TIBIA_L
                0x200003e0                IKCRVRR_COXA_R
                0x200003ec                IKCRVRR_TIBIA_R
                0x200003f8                IKPIDR_COXA_L
                0x20000404                IKPIDR_TIBIA_L
                0x20000410                IKCRVLR_COXA_L
                0x2000041c                IKCRVLR_TIBIA_L
                0x20000428                IKCRVLR_COXA_R
                0x20000434                IKCRVLR_TIBIA_R
                0x20000440                IKPIDR_COXA_R
                0x2000044c                IKPIDR_TIBIA_R
                0x20000458                sudut
                0x200004a0                correct
                0x200004e8                MPU6050_PWR_MGMT_1
                0x200004ec                MPU6050_GYRO_CONFIG
                0x200004f0                MPU6050_ACCEL_CONFIG
                0x200004f4                Gyro_Sensitivity_500s
                0x200004f8                PI
                0x20000500                GRAVITY
                0x20000508                TEST
                0x2000050c                CALIBRATION_STAT
                0x20000510                HOME_CIRCLE_DETECTED
                0x20000514                FOLLOWHOME_ACTIVE
                0x20000518                CROSS_ENABLED
                0x2000051c                CROSSING_SUCCESS
                0x20000520                CROSSING_FAILED
                0x20000524                STEALFIRE_SUCCESS
                0x20000528                STEALFIRE_FAILED
                0x2000052c                ENEMY_ZONE
                0x20000530                SPECIAL_CONDITION_ENABLED
                0x20000534                ROOM_FLAG
                0x2000053c                PREVIOUS_ROOM
                0x20000540                OTHER_ROOM
                0x20000544                ROOM_ONE
                0x20000548                WARZONE
                0x2000054c                VAR_DOOR_DETECTED
                0x20000550                VAR_DOOR_SCAN
                0x20000554                FOLLOW_CARPET_ENABLED
                0x20000558                FOLLOW_CARPET_ESCAPE_TRAP
                0x2000055c                GET_VERSION
                0x20000560                GET_ANGLE_8_BIT
                0x20000564                GET_ANGLE_16_BIT
                0x20000568                GET_PITCH
                0x2000056c                GET_ROLL
                0x20000570                GET_PITCH_NO_KF
                0x20000574                GET_ROLL_NO_KF
                0x20000578                GET_MAG_RAW
                0x2000057c                GET_ACCEL_RAW
                0x20000580                GET_GYRO_RAW
                0x20000584                GET_TEMP
                0x20000588                GET_ALL
                0x2000058c                CALIBRATE_BYTE_1
                0x20000590                CALIBRATE_BYTE_2
                0x20000594                CALIBRATE_BYTE_3_FULL
                0x20000598                CALIBRATE_BYTE_3_FLAT
                0x2000059c                CALIBRATE_EXIT
                0x200005a0                RESTORE_1
                0x200005a4                RESTORE_2
                0x200005a8                RESTORE_3
                0x200005ac                BAUD_19200
                0x200005b0                BAUD_38400
                0x200005b4                FRONT_PREVIOUS
                0x200005b8                MIDDLE_PRESENT
                0x200005bc                MIDDLE_PREVIOUS
                0x200005c0                DUMMY_DATA_A
                0x200005c4                DUMMY_DATA_G
                0x200005c8                TRIAL_MODE
                0x200005cc                CALIBRATION_MODE
                0x200005d0                BUTTON_A
                0x200005d4                BUTTON_B
                0x200005d8                CMD_COMPLETED
                0x200005dc                CMD_IDLE
                0x200005e0                TCS_CMD_SEND_RAW
                0x200005e4                TRACER_CMD_SEND_RAW
                0x200005e8                TCS_CMD_SEND_CONCLUSION
                0x200005ec                TCS_CMD_SAVE_EEPROM
                0x200005f0                BW_SOUND_ACTIVATED
                0x200005f4                HYBRID_CMD_SEND_THRESHOLD
                0x200005f8                CMD_GET_TCS3200
                0x200005fc                CMD_GET_TRACER
                0x20000600                ROOM
                0x20000618                ROOM_1A
                0x2000061c                ROOM_1B
                0x20000620                ROOM_1C
                0x20000624                ROOM_2A
                0x20000628                ROOM_2B
                0x2000062c                ROOM_3
                0x20000630                ROOM_4A
                0x20000634                ROOM_4B
                0x20000638                NORMAL_ROOM
                0x2000063c                GRAY_ROOM
                0x20000640                TENGAH
                0x20000644                POJOK
                0x20000648                TRC_BMP_ACTIVE
                0x2000064c                TRACER_WHITE
                0x20000650                TRACER_GRAY
                0x20000654                FOLLOWTRACER_ENABLE
                0x20000658                SP_FIRE_ACTIVE
                0x2000065c                EXIT_ACTIVE
                0x20000660                FLAME
                0x20000664                KANAN_BELAKANG
                0x20000668                KIRI_BELAKANG
                0x2000066c                KANAN
                0x20000670                KIRI
                0x20000674                ROOM1FLAG_ACTIVE
                0x20000678                ROOM1BCFLAG_ACTIVE
                0x2000067c                ROOM2BFLAG_ACTIVE
                0x20000680                ROOM4FLAG_ACTIVE
                0x20000684                ROOM4AFLAG_ACTIVE
                0x20000688                ROOM4BFLAG_ACTIVE
                0x2000068c                ROOM4BFLAG_EXIT_ACTIVE
                0x20000690                ROOM1A_SP_EXIT_FLAG_ACTIVE
                0x20000694                ROOM4A_CAT_AVOIDER_ACTIVE
                0x20000698                R2TO4A_SP_ACTIVE
                0x2000069c                R4ATO3_SP_ACTIVE
                0x200006a0                SP_ROUTE_ACTIVE
                0x200006a4                SHIFT_ALGORITHM_ACTIVE
                0x200006a8                TURN_LEFT
                0x200006ac                TURN_RIGHT
                0x200006b0                REVERSEFLAG_ACTIVE
                0x200006b4                CMPS_ACTIVE
                0x200006b8                TRESH_UPPER
                0x200006bc                TRESH_LOWER
                0x200006c0                NORTH_THRESHOLD_UPPER
                0x200006c4                NORTH_THRESHOLD_LOWER
                0x200006c8                NORTH_THRESHOLD_MIDDLE
                0x200006cc                WEST_THRESHOLD_UPPER
                0x200006d0                WEST_THRESHOLD_LOWER
                0x200006d4                WEST_THRESHOLD_MIDDLE
                0x200006d8                SOUTH_THRESHOLD_UPPER
                0x200006dc                SOUTH_THRESHOLD_LOWER
                0x200006e0                SOUTH_THRESHOLD_MIDDLE
                0x200006e4                EAST_THRESHOLD_UPPER
                0x200006e8                EAST_THRESHOLD_LOWER
                0x200006ec                EAST_THRESHOLD_MIDDLE
                0x200006f0                R4AB_THRESHOLD_UPPER
                0x200006f4                R4AB_THRESHOLD_LOWER
                0x200006f8                R4AB_THRESHOLD_MIDDLE
                0x200006fc                R4A_THRESHOLD_UPPER
                0x20000700                R4A_THRESHOLD_LOWER
                0x20000704                R4B_THRESHOLD_LOWER
                0x20000708                R4B_THRESHOLD_UPPER
                0x2000070c                R4A_THRESHOLD_MIDDLE
                0x20000710                R4B_THRESHOLD_MIDDLE
                0x20000714                START_MIDDLE
                0x20000718                R1BC_THRESHOLD_MIDDLE
                0x2000071c                R1B_THRESHOLD
                0x20000720                R1C_THRESHOLD
                0x20000724                R1A_R4A_THRESHOLD_MIDDLE
                0x20000728                R1A_THRESHOLD
                0x2000072c                R2_THRESHOLD
                0x20000730                R3_R4B_THRESHOLD_MIDDLE
                0x20000734                R4A_THRESHOLD
                0x20000738                R4B_THRESHOLD
                0x2000073c                ROOM4AB_ACTIVE
                0x20000740                FIREROOM_R4AB_ACTIVE
                0x20000744                FIREROOM_R1A_ACTIVE
                0x20000748                ROOM1A_SP_MIDDLE_FLAG
                0x2000074c                Dynamx_LinkFemur
                0x20000750                Dynamx_LinkTibia
 .data          0x20000758       0x10 ..\obj\stm32f4xx_rcc.o
 .data          0x20000768       0x14 ..\obj\system_stm32f4xx.o
                0x20000768                SystemCoreClock
                0x2000076c                AHBPrescTable
 .data          0x2000077c       0x24 ..\obj\bw_dynamixel_hexapod_cmd.o
                0x2000077c                clc
                0x20000780                L1
                0x20000784                L2
 .data.__fdlib_version
                0x200007a0        0x1 C:\Program Files (x86)\GNU Tools ARM Embedded\4.8 2014q1\arm-none-eabi\lib\armv7-m\libm.a(lib_a-s_lib_ver.o)
                0x200007a0                __fdlib_version
 *fill*         0x200007a1        0x7 
 .data.impure_data
                0x200007a8      0x428 C:\Program Files (x86)\GNU Tools ARM Embedded\4.8 2014q1\arm-none-eabi\lib\armv7-m\libc.a(lib_a-impure.o)
 .data._impure_ptr
                0x20000bd0        0x4 C:\Program Files (x86)\GNU Tools ARM Embedded\4.8 2014q1\arm-none-eabi\lib\armv7-m\libc.a(lib_a-impure.o)
                0x20000bd0                _impure_ptr
 .data.lconv    0x20000bd4       0x38 C:\Program Files (x86)\GNU Tools ARM Embedded\4.8 2014q1\arm-none-eabi\lib\armv7-m\libc.a(lib_a-locale.o)
 .data.__malloc_av_
                0x20000c0c      0x408 C:\Program Files (x86)\GNU Tools ARM Embedded\4.8 2014q1\arm-none-eabi\lib\armv7-m\libc.a(lib_a-mallocr.o)
                0x20000c0c                __malloc_av_
 .data.__malloc_trim_threshold
                0x20001014        0x4 C:\Program Files (x86)\GNU Tools ARM Embedded\4.8 2014q1\arm-none-eabi\lib\armv7-m\libc.a(lib_a-mallocr.o)
                0x20001014                __malloc_trim_threshold
 .data.__malloc_sbrk_base
                0x20001018        0x4 C:\Program Files (x86)\GNU Tools ARM Embedded\4.8 2014q1\arm-none-eabi\lib\armv7-m\libc.a(lib_a-mallocr.o)
                0x20001018                __malloc_sbrk_base
                0x2000101c                . = ALIGN (0x4)
                0x2000101c                PROVIDE (__preinit_array_start, .)
 *(.preinit_array)
                0x2000101c                PROVIDE (__preinit_array_end, .)
                0x2000101c                . = ALIGN (0x4)
                0x2000101c                PROVIDE (__init_array_start, .)
 *(SORT(.init_array.*))
 *(.init_array)
                0x2000101c                PROVIDE (__init_array_end, .)
                0x2000101c                . = ALIGN (0x4)
                0x2000101c                PROVIDE (__fini_array_start, .)
 *(SORT(.fini_array.*))
 *(.fini_array)
                0x2000101c                PROVIDE (__fini_array_end, .)
 *(.jcr*)
                0x2000101c                . = ALIGN (0x4)
                0x2000101c                __data_end__ = .
                0x2000101c                _edata = __data_end__

.igot.plt       0x2000101c        0x0 load address 0x08041e48
 .igot.plt      0x00000000        0x0 ..\obj\bw_articulated_manipulator.o

.bss            0x2000101c     0x35b8 load address 0x08041e48
                0x2000101c                . = ALIGN (0x4)
                0x2000101c                __bss_start__ = .
                0x2000101c                _sbss = __bss_start__
 *(.bss*)
 .bss           0x2000101c      0x368 ..\obj\bw_global_var.o
                0x2000101c                COLOUR_BLACK
                0x20001020                F_DETECTED_COLOUR
                0x20001024                M_DETECTED_COLOUR
                0x20001028                F_sum_red
                0x2000102c                F_sum_blue
                0x20001030                F_sum_white
                0x20001034                F_THRESHOLD
                0x20001038                F_TOTAL_SUM
                0x2000103c                M_sum_red
                0x20001040                M_sum_blue
                0x20001044                M_sum_white
                0x20001048                M_THRESHOLD
                0x2000104c                M_TOTAL_SUM
                0x20001050                CANDLE_CIRCLE_FLAG
                0x20001054                INITIAL_ZONE
                0x20001058                ZONE
                0x2000105c                BW_CROSS_MODE
                0x20001060                START_MODE
                0x20001064                LOCATION_CORRIDOR
                0x20001068                TANDA_FOLLOW
                0x20001074                EXTINGUISHED_FIRE
                0x20001078                FIRE_PUTOFF
                0x2000107c                CAT_FOUND
                0x20001084                CAT_SHIFT_FOLLOW
                0x20001088                NO_SHIFT
                0x2000108c                CAT_FLAG
                0x20001090                CAT_FLAG_A
                0x20001094                CAT_FLAG_B
                0x20001098                CAT_FLAG_C
                0x2000109c                CAT_NOT_DETECTED
                0x200010a0                CAT_DETECTOR
                0x200010a4                CAT_DIACTIVATED
                0x200010a8                BW_Sound_Activate
                0x200010aa                BW_START
                0x200010ac                UV_Lock
                0x200010b0                UV_R2FLAG
                0x200010b4                UV_R2FLAG_INACTIVE
                0x200010b8                led_off_counter
                0x200010ba                led_snd_off_counter
                0x200010bc                sudut_servo
                0x200010c0                sensor_UV_lock
                0x200010c1                fight
                0x200010c2                hitung
                0x200010c4                panas
                0x200010c8                i
                0x200010cc                temp
                0x200010d0                suhu_ruang
                0x200010d4                FIRE
                0x200010d8                USART_Count
                0x200010dc                USARTFlame_Counter
                0x200010e0                USARTFlameDigi_Counter
                0x200010e4                USART_Bluetooth_Count
                0x200010e8                GERAK
                0x200010ec                IKROT_COXA
                0x200010f4                IKROT_COXA1
                0x200010fc                IKROT_COXA2